─────────────────────────────────────────────────────────────
  topic LiDAR : /carter/lidar_perturbed
  local map   : 25.0 m
  sigma       : iniziale 0.20, max 0.25
  lidar pose  : (-0.2317, 0, 0.526)
  pipeline    : lidar3d-gicp-optimize-twist-local.yaml
  tracce      : data/attack/campaign/straight/nsga3_g3_p8x4/rep_08/logs/traces_w0_e30.csv
─────────────────────────────────────────────────────────────
  Controlla che il riquadro all'avvio dica 'with optimize_twist'.

[02:03:53.0908|INFO |MolaLauncherApp] Setting up system from YAML config... (set DEBUG verbosity level to see full config)
[02:03:53.0928|INFO |MolaLauncherApp] Instantiating module `lidar_odom` of type `mola::LidarOdometry`
[02:03:53.0933|INFO |MolaLauncherApp] Instantiating module `state_estimation` of type `mola::state_estimation_simple::StateEstimationSimple`
[02:03:53.0935|INFO |MolaLauncherApp] Instantiating module `ros2_bridge` of type `mola::BridgeROS2`
[02:03:53.0936|INFO |MolaLauncherApp] 
╔═══════════════════════════════════════╦═════════════════════════════════╗
║  Entering main MOLA application loop  ║ > CTRL+C for mola-cli to quit < ║
╚═══════════════════════════════════════╩═════════════════════════════════╝
[02:03:53.0938|WARN |LidarOdometry] Your YAML pipeline references one or more deprecated *_sensor_* names (ESTIMATED_SENSOR_MAX_RANGE, INSTANTANEOUS_SENSOR_MAX_RANGE, max_sensor_range_filter_coefficient, absolute_minimum_sensor_range). They are aliases of ESTIMATED_OBSERVATION_RADIUS, INSTANTANEOUS_OBSERVATION_RADIUS, observation_radius_filter_coefficient, absolute_minimum_observation_radius respectively (all measured from base_link, not from the sensor) and will be removed in a future release. Please rename references in your pipeline files.
[02:03:53.0938|INFO |LidarOdometry] 
┌──────────────────────────────────────────────────────────────┐
│              USING THIS LIDAR-ODOMETRY PIPELINE              │
├──────────────────────────────────────────────────────────────┤
│            GICP with cov-to-cov pairings with optimize_twist │
└──────────────────────────────────────────────────────────────┘
[02:03:53.1025|WARN |LidarOdometry] No YAML entry 'observations_deskew_pass', this filter stage will have no effect.
[02:03:53.1440|INFO |mola::BridgeROS2:ros2_bridge] Subscribing to MOLA localization source module 'mola::LidarOdometry:lidar_odom'
[02:03:53.1440|INFO |mola::BridgeROS2:ros2_bridge] Subscribing to MOLA map source module 'mola::LidarOdometry:lidar_odom'
[02:03:53.1440|INFO |mola::BridgeROS2:ros2_bridge] Subscribing to MOLA relocalization module 'mola::LidarOdometry:lidar_odom'
[02:03:53.1446|INFO |mola::BridgeROS2:ros2_bridge] Subscribing to MOLA map server module 'mola::LidarOdometry:lidar_odom'
[02:03:53.7553|INFO |StateEstimationSimple] reset() called
[02:03:53.7554|INFO |LidarOdometry] Initial re-localization done with pose: (x,y,z,yaw,pitch,roll)=(0.0000,0.0000,0.0000,0.00deg,0.00deg,0.00deg)
[02:03:53.7680|INFO |LidarOdometry] Writing debug traces to: data/attack/campaign/straight/nsga3_g3_p8x4/rep_08/logs/traces_w0_e30.csv
[02:03:55.0979|WARN |LidarOdometry] Not able to use velocity motion model for this timestep (pathStep=4, timestamp=1970/01/01,00:04:47.700000 UTC)
[INFO] [1790813043.271395613] [rclcpp]: signal_handler(SIGINT/SIGTERM)
