======================================================================
  ATTACCO RECEDING-HORIZON
  bersaglio (5.0, 0.0)   orizzonte 1.0 m   4x2 = 8 candidati/finestra
======================================================================
  frame di lavoro: odom di Isaac (/chassis/odom), non la scena; posa nella scena [-5.989 -1.    -0.   ]
  partenza      : [ 0.011  0.    -0.   ]
  waypoint rel  : [(5.0, 0.0)]
  waypoint abs  : [(np.float64(5.011), np.float64(-0.0))]
  distanza      : 5.00 m  ->  5 finestre da 1.00 m (1.0 misurati)
  assestamento  : 2.0s a robot fermo dopo l'avvio di MOLA
  frame/finestra: ~12 a regime (10 Hz a 0.8 m/s = 8 cm fra uno scan e l'altro)
  MODALITA' PASSTHROUGH: nessun attacco, solo i nominali
  stima tempo   : ~0.3 min/finestra, ~2 min totali
  genoma        : gruppo 3, 17 geni attivi su 17 (inattivi a -1)
  tracce        : data/attack/campaign/straight/none_g1/rep_10/traces e data/attack/campaign/straight/none_g1/rep_10/logs
  seed          : 1010

── finestra 1 (stima 5) ────────────────────────────────────────
  waypoint corrente 1/1 [ 5.011 -0.   ]  distanza al bersaglio finale 5.00 m
  stato salvato in [ 0.011  0.    -0.   ]
  nominale FALLITO (untracked(0.18)) — finestra saltata
── finestra 2 (stima 5) ────────────────────────────────────────
  waypoint corrente 1/1 [ 5.011 -0.   ]  distanza al bersaglio finale 3.75 m
  stato salvato in [ 1.261e+00 -3.000e-03 -1.000e-03]
    [nota] 2 publisher su /lidar_odometry/pose nel grafo (1 processi mola-cli): voce stantia, si prosegue perche' la posa arriva
  nominale: parte da [ 1.268e+00 -3.000e-03 -1.000e-03] (ripristino 0.7 cm dallo stato salvato)  arriva in [ 2.484e+00 -4.000e-03  1.000e-03]  percorsi 1.01 m  23 frame  31 pose vere  rotazione +0° (bersaglio a +0°)  rapporto stima/verita' 1.01  [ok]
  tempo finestra: 0.4 min

── finestra 3 (stima 5) ────────────────────────────────────────
  waypoint corrente 1/1 [ 5.011 -0.   ]  distanza al bersaglio finale 2.53 m
  stato salvato in [ 2.484e+00 -4.000e-03  1.000e-03]
    [nota] 2 publisher su /lidar_odometry/pose nel grafo (1 processi mola-cli): voce stantia, si prosegue perche' la posa arriva
  nominale: parte da [ 2.491e+00 -4.000e-03  1.000e-03] (ripristino 0.7 cm dallo stato salvato)  arriva in [ 3.707 -0.004  0.   ]  percorsi 1.01 m  25 frame  31 pose vere  rotazione -0° (bersaglio a +0°)  rapporto stima/verita' 1.00  [ok]
  tempo finestra: 0.4 min

── finestra 4 (stima 5) ────────────────────────────────────────
  waypoint corrente 1/1 [ 5.011 -0.   ]  distanza al bersaglio finale 1.30 m
  stato salvato in [ 3.707 -0.004  0.   ]
    [nota] 2 publisher su /lidar_odometry/pose nel grafo (1 processi mola-cli): voce stantia, si prosegue perche' la posa arriva
  nominale: parte da [ 3.714 -0.004  0.   ] (ripristino 0.7 cm dallo stato salvato)  arriva in [ 4.765e+00 -3.000e-03  5.000e-03]  percorsi 1.01 m  28 frame  38 pose vere  rotazione +0° (bersaglio a +0°)  rapporto stima/verita' 1.00  [ok]
  tempo finestra: 0.4 min

  bersaglio finale raggiunto (0.25 m): fine del task

Storico: data/attack/campaign/straight/none_g1/rep_10/history.json
