======================================================================
  ATTACCO RECEDING-HORIZON
  bersaglio (5.0, 0.0)   orizzonte 1.0 m   8x4 = 32 candidati/finestra
======================================================================
  frame di lavoro: odom di Isaac (/chassis/odom), non la scena; posa nella scena [-5.989 -1.    -0.   ]
  partenza      : [0.011 0.    0.   ]
  waypoint rel  : [(5.0, 0.0)]
  waypoint abs  : [(np.float64(5.011), np.float64(0.0))]
  distanza      : 5.00 m  ->  4 finestre da 1.00 m (1.0 misurati)
  assestamento  : 2.0s a robot fermo dopo l'avvio di MOLA
  frame/finestra: ~12 a regime (10 Hz a 0.8 m/s = 8 cm fra uno scan e l'altro)
  valutazioni   : 8 individui x 4 generazioni = 32, piu' nominale e applicazione
  stima tempo   : ~5.7 min/finestra, ~23 min totali
  genoma        : gruppo 3, 17 geni attivi su 17 (inattivi a -1)
  tracce        : data/attack/campaign/straight/nsga3_g3_p8x4/rep_09/traces e data/attack/campaign/straight/nsga3_g3_p8x4/rep_09/logs
  seed          : 1009

── finestra 1 (stima 4) ────────────────────────────────────────
  waypoint corrente 1/1 [5.011 0.   ]  distanza al bersaglio finale 5.00 m
  stato salvato in [0.011 0.    0.   ]
  nominale: parte da [ 0.018 -0.    -0.   ] (ripristino 0.7 cm dallo stato salvato)  arriva in [ 1.261 -0.004 -0.003]  percorsi 1.02 m  18 frame  31 pose vere  rotazione -0° (bersaglio a +0°)  rapporto stima/verita' 0.81  [ok]
  — le deviazioni qui sotto sono misurate rispetto a questo punto
    [nota] 2 publisher su /lidar_odometry/pose nel grafo (1 processi mola-cli): voce stantia, si prosegue perche' la posa arriva
    gen1 #00  rst  0.7  end   0.7 mean   0.2 max   0.7  dir   -0.0  dmg    0.2 cm   pert   29.86 cm   1.02 m   25f  rapp 0.69  [ok]
    [nota] 2 publisher su /lidar_odometry/pose nel grafo (1 processi mola-cli): voce stantia, si prosegue perche' la posa arriva
    gen1 #01  rst  0.7  end   1.1 mean   0.3 max   1.1  dir   +0.0  dmg    0.3 cm   pert   11.93 cm   1.02 m   24f  rapp 0.94  [ok]
    [nota] 2 publisher su /lidar_odometry/pose nel grafo (1 processi mola-cli): voce stantia, si prosegue perche' la posa arriva
    #02  SCARTATA  1.02 m   25 frame  [untracked(0.24)]
    [nota] 2 publisher su /lidar_odometry/pose nel grafo (1 processi mola-cli): voce stantia, si prosegue perche' la posa arriva
    gen1 #03  rst  0.7  end   5.1 mean   1.6 max   5.1  dir   -1.1  dmg    1.6 cm   pert   28.16 cm   1.04 m   28f  rapp 1.02  [ok]
    [nota] 2 publisher su /lidar_odometry/pose nel grafo (1 processi mola-cli): voce stantia, si prosegue perche' la posa arriva
    gen1 #04  rst  0.7  end   4.4 mean   1.3 max   4.4  dir   -1.2  dmg    1.3 cm   pert   39.49 cm   1.04 m   27f  rapp 1.16  [ok]
    [nota] 2 publisher su /lidar_odometry/pose nel grafo (1 processi mola-cli): voce stantia, si prosegue perche' la posa arriva
    gen1 #05  rst  0.8  end   3.8 mean   1.2 max   3.8  dir   +0.0  dmg    1.2 cm   pert   27.87 cm   1.02 m   19f  rapp 0.67  [ok]
    [nota] 2 publisher su /lidar_odometry/pose nel grafo (1 processi mola-cli): voce stantia, si prosegue perche' la posa arriva
    gen1 #06  rst  0.7  end   4.7 mean   1.5 max   4.7  dir   +0.2  dmg    1.6 cm   pert   33.76 cm   1.02 m   24f  rapp 1.44  [ok]
    [nota] 2 publisher su /lidar_odometry/pose nel grafo (1 processi mola-cli): voce stantia, si prosegue perche' la posa arriva
    gen1 #07  rst  0.7  end   5.0 mean   1.5 max   5.0  dir   +0.1  dmg    1.6 cm   pert   39.01 cm   1.02 m   30f  rapp 0.81  [ok]
    [nota] 2 publisher su /lidar_odometry/pose nel grafo (1 processi mola-cli): voce stantia, si prosegue perche' la posa arriva
    #08  SCARTATA  1.02 m   25 frame  [untracked(0.46)]
    [nota] 2 publisher su /lidar_odometry/pose nel grafo (1 processi mola-cli): voce stantia, si prosegue perche' la posa arriva
    gen2 #09  rst  0.7  end   1.5 mean   0.4 max   1.5  dir   +0.0  dmg    0.4 cm   pert   13.15 cm   1.02 m   27f  rapp 1.01  [ok]
    [nota] 2 publisher su /lidar_odometry/pose nel grafo (1 processi mola-cli): voce stantia, si prosegue perche' la posa arriva
    #10  SCARTATA  1.02 m   22 frame  [untracked(0.55)]
    [nota] 2 publisher su /lidar_odometry/pose nel grafo (1 processi mola-cli): voce stantia, si prosegue perche' la posa arriva
    gen2 #11  rst  0.7  end   4.1 mean   1.3 max   4.1  dir   +0.1  dmg    1.4 cm   pert   28.04 cm   1.02 m   22f  rapp 1.25  [ok]
    [nota] 2 publisher su /lidar_odometry/pose nel grafo (1 processi mola-cli): voce stantia, si prosegue perche' la posa arriva
    #12  SCARTATA  1.04 m   23 frame  [untracked(0.53)]
    [nota] 2 publisher su /lidar_odometry/pose nel grafo (1 processi mola-cli): voce stantia, si prosegue perche' la posa arriva
    gen2 #13  rst  0.7  end   4.6 mean   1.5 max   4.6  dir   +0.1  dmg    1.7 cm   pert   24.18 cm   1.02 m   20f  rapp 0.92  [ok]
    [nota] 2 publisher su /lidar_odometry/pose nel grafo (1 processi mola-cli): voce stantia, si prosegue perche' la posa arriva
    #14  SCARTATA  1.02 m   22 frame  [untracked(0.50)]
    [nota] 2 publisher su /lidar_odometry/pose nel grafo (1 processi mola-cli): voce stantia, si prosegue perche' la posa arriva
    gen2 #15  rst  0.7  end   5.2 mean   1.5 max   5.2  dir   -1.2  dmg    1.5 cm   pert   42.28 cm   1.04 m   29f  rapp 1.17  [ok]
    [nota] 2 publisher su /lidar_odometry/pose nel grafo (1 processi mola-cli): voce stantia, si prosegue perche' la posa arriva
    gen3 #16  rst  0.8  end   7.8 mean   2.6 max   7.8  dir   +0.4  dmg    3.0 cm   pert   26.25 cm   1.02 m   25f  rapp 0.98  [ok]
    [nota] 2 publisher su /lidar_odometry/pose nel grafo (1 processi mola-cli): voce stantia, si prosegue perche' la posa arriva
    gen3 #17  rst  0.7  end   1.1 mean   0.3 max   1.1  dir   +0.0  dmg    0.3 cm   pert   18.34 cm   1.02 m   16f  rapp 0.65  [ok]
    [nota] 2 publisher su /lidar_odometry/pose nel grafo (1 processi mola-cli): voce stantia, si prosegue perche' la posa arriva
    gen3 #18  rst  0.7  end   3.0 mean   0.9 max   3.0  dir   +1.4  dmg    2.3 cm   pert   31.49 cm   1.01 m   22f  rapp 1.11  [ok]
    [nota] 2 publisher su /lidar_odometry/pose nel grafo (1 processi mola-cli): voce stantia, si prosegue perche' la posa arriva
    gen3 #19  rst  0.7  end   4.1 mean   1.1 max   4.1  dir   -1.2  dmg    1.1 cm   pert   32.73 cm   1.04 m   25f  rapp 1.11  [ok]
    [nota] 2 publisher su /lidar_odometry/pose nel grafo (1 processi mola-cli): voce stantia, si prosegue perche' la posa arriva
    gen3 #20  rst  0.7  end   6.1 mean   1.9 max   6.1  dir   +0.2  dmg    2.2 cm   pert   29.52 cm   1.01 m   24f  rapp 1.15  [ok]
    [nota] 2 publisher su /lidar_odometry/pose nel grafo (1 processi mola-cli): voce stantia, si prosegue perche' la posa arriva
    gen3 #21  rst  0.7  end   0.1 mean   0.0 max   0.1  dir   +0.0  dmg    0.0 cm   pert   11.06 cm   1.02 m   22f  rapp 1.07  [ok]
    [nota] 2 publisher su /lidar_odometry/pose nel grafo (1 processi mola-cli): voce stantia, si prosegue perche' la posa arriva
    gen3 #22  rst  0.7  end   3.6 mean   1.1 max   3.6  dir   +0.1  dmg    1.2 cm   pert   32.34 cm   1.02 m   32f  rapp 1.06  [ok]
    [nota] 2 publisher su /lidar_odometry/pose nel grafo (1 processi mola-cli): voce stantia, si prosegue perche' la posa arriva
    gen3 #23  rst  0.7  end   4.2 mean   1.3 max   4.2  dir   +1.4  dmg    2.8 cm   pert   26.98 cm   1.01 m   25f  rapp 1.03  [ok]
    [nota] 2 publisher su /lidar_odometry/pose nel grafo (1 processi mola-cli): voce stantia, si prosegue perche' la posa arriva
    gen4 #24  rst  0.7  end   2.9 mean   1.0 max   2.9  dir   +0.1  dmg    1.0 cm   pert   22.59 cm   1.02 m   19f  rapp 0.90  [ok]
    [nota] 2 publisher su /lidar_odometry/pose nel grafo (1 processi mola-cli): voce stantia, si prosegue perche' la posa arriva
    gen4 #25  rst  0.7  end   8.9 mean   2.9 max   8.9  dir   +0.5  dmg    3.4 cm   pert   22.31 cm   1.02 m   29f  rapp 0.82  [ok]
    [nota] 2 publisher su /lidar_odometry/pose nel grafo (1 processi mola-cli): voce stantia, si prosegue perche' la posa arriva
    gen4 #26  rst  0.7  end   2.3 mean   0.7 max   2.3  dir   +0.0  dmg    0.7 cm   pert   29.76 cm   1.02 m   26f  rapp 1.01  [ok]
    [nota] 2 publisher su /lidar_odometry/pose nel grafo (1 processi mola-cli): voce stantia, si prosegue perche' la posa arriva
    gen4 #27  rst  0.7  end   6.4 mean   2.2 max   6.4  dir   +0.3  dmg    2.4 cm   pert   29.53 cm   1.02 m   23f  rapp 1.04  [ok]
    [nota] 2 publisher su /lidar_odometry/pose nel grafo (1 processi mola-cli): voce stantia, si prosegue perche' la posa arriva
    gen4 #28  rst  0.7  end   5.2 mean   1.7 max   5.2  dir   -1.2  dmg    1.7 cm   pert   25.52 cm   1.04 m   16f  rapp 0.87  [ok]
    [nota] 2 publisher su /lidar_odometry/pose nel grafo (1 processi mola-cli): voce stantia, si prosegue perche' la posa arriva
    gen4 #29  rst  0.7  end   0.3 mean   0.1 max   0.3  dir   -0.0  dmg    0.1 cm   pert   15.52 cm   1.02 m   22f  rapp 1.11  [ok]
    [nota] 2 publisher su /lidar_odometry/pose nel grafo (1 processi mola-cli): voce stantia, si prosegue perche' la posa arriva
    gen4 #30  rst  0.7  end   0.6 mean   0.2 max   0.6  dir   +0.0  dmg    0.2 cm   pert    8.78 cm   1.02 m   18f  rapp 0.84  [ok]
    [nota] 2 publisher su /lidar_odometry/pose nel grafo (1 processi mola-cli): voce stantia, si prosegue perche' la posa arriva
    gen4 #31  rst  0.7  end   8.9 mean   2.9 max   8.9  dir   +0.5  dmg    3.4 cm   pert   24.90 cm   1.02 m   24f  rapp 0.78  [ok]

  FRONTE DI PARETO: 3 soluzioni non dominate su 32 valutate (27 valide)
    danno    0.45 cm   pert   13.150 cm   rapporto   0.03
    danno    0.18 cm   pert    8.777 cm   rapporto   0.02
    danno    3.43 cm   pert   24.896 cm   rapporto   0.14 <- scelto

  Genoma scelto (tutti i 17 geni decodificati):
      cluster_direction          [+0.549, +0.826, -0.131]
      cluster_strength           +0.8079
      curvature_strength         +0.7658
      dropout_rate               +0.0223
      edge_attack_strength       +0.2349
      geometric_distortion       +0.7726
      ghost_ratio                +0.0091
      noise_direction            [-0.007, +0.927, -0.374]
      noise_intensity            +0.0274
      scanline_strength          +0.5123
      spatial_correlation        +0.4479
      strategic_ghost            +0.6515
      temporal_drift_strength    +0.2329
    [nota] 2 publisher su /lidar_odometry/pose nel grafo (1 processi mola-cli): voce stantia, si prosegue perche' la posa arriva
  rivalutazione: danno 3.4 cm (in ricerca 3.4)  pert 27.69  [ok]
    [nota] 2 publisher su /lidar_odometry/pose nel grafo (1 processi mola-cli): voce stantia, si prosegue perche' la posa arriva

  APPLICATO: il robot e' in [1.258 0.072 0.114]
  percorsi 1.02 m su 18 frame perturbati
  deviazione reale dal nominale: fine 7.6  media 2.6  max 7.6 cm   danno 2.9 cm (in valutazione era 3.4 cm)   [ok]
  tempo finestra: 13.1 min

── finestra 2 (stima 4) ────────────────────────────────────────
  waypoint corrente 1/1 [5.011 0.   ]  distanza al bersaglio finale 3.75 m
  stato salvato in [1.258 0.072 0.114]
    [nota] 2 publisher su /lidar_odometry/pose nel grafo (1 processi mola-cli): voce stantia, si prosegue perche' la posa arriva
  nominale: parte da [1.265 0.073 0.115] (ripristino 0.7 cm dallo stato salvato)  arriva in [ 2.502  0.044 -0.164]  percorsi 1.02 m  29 frame  33 pose vere  rotazione -16° (bersaglio a -8°)  rapporto stima/verita' 0.97  [ok]
  — le deviazioni qui sotto sono misurate rispetto a questo punto
    [nota] 2 publisher su /lidar_odometry/pose nel grafo (1 processi mola-cli): voce stantia, si prosegue perche' la posa arriva
    gen1 #00  rst  0.7  end   0.1 mean   0.3 max   0.5  dir   -0.0  dmg    0.3 cm   pert   32.02 cm   1.02 m   20f  rapp 1.00  [ok]
    [nota] 2 publisher su /lidar_odometry/pose nel grafo (1 processi mola-cli): voce stantia, si prosegue perche' la posa arriva
    gen1 #01  rst  0.7  end   1.1 mean   0.3 max   1.1  dir   +0.2  dmg    0.5 cm   pert    9.44 cm   1.02 m   20f  rapp 0.95  [ok]
    [nota] 2 publisher su /lidar_odometry/pose nel grafo (1 processi mola-cli): voce stantia, si prosegue perche' la posa arriva
    gen1 #02  rst  0.7  end   5.4 mean   1.4 max   5.4  dir   +1.2  dmg    2.6 cm   pert   38.69 cm   1.01 m   22f  rapp 0.64  [ok]
    [nota] 2 publisher su /lidar_odometry/pose nel grafo (1 processi mola-cli): voce stantia, si prosegue perche' la posa arriva
    gen1 #03  rst  0.7  end   7.4 mean   2.2 max   7.4  dir   -1.4  dmg    2.2 cm   pert   30.94 cm   1.03 m   26f  rapp 0.97  [ok]
    [nota] 2 publisher su /lidar_odometry/pose nel grafo (1 processi mola-cli): voce stantia, si prosegue perche' la posa arriva
    gen1 #04  rst  0.7  end   3.7 mean   1.3 max   3.7  dir   -1.4  dmg    1.3 cm   pert   38.82 cm   1.03 m   20f  rapp 1.05  [ok]
    [nota] 2 publisher su /lidar_odometry/pose nel grafo (1 processi mola-cli): voce stantia, si prosegue perche' la posa arriva
    gen1 #05  rst  0.7  end   6.9 mean   2.0 max   6.9  dir   -0.1  dmg    2.0 cm   pert   26.82 cm   1.02 m   25f  rapp 1.25  [ok]
    [nota] 2 publisher su /lidar_odometry/pose nel grafo (1 processi mola-cli): voce stantia, si prosegue perche' la posa arriva
    gen1 #06  rst  0.8  end   7.8 mean   2.1 max   7.8  dir   -0.1  dmg    2.1 cm   pert   48.09 cm   1.02 m   21f  rapp 1.28  [ok]
    [nota] 2 publisher su /lidar_odometry/pose nel grafo (1 processi mola-cli): voce stantia, si prosegue perche' la posa arriva
    gen1 #07  rst  0.7  end   6.4 mean   2.0 max   6.4  dir   -0.1  dmg    2.0 cm   pert   30.81 cm   1.02 m   24f  rapp 0.61  [ok]
    [nota] 2 publisher su /lidar_odometry/pose nel grafo (1 processi mola-cli): voce stantia, si prosegue perche' la posa arriva
    gen2 #08  rst  0.7  end   4.8 mean   1.3 max   4.8  dir   +1.2  dmg    2.5 cm   pert   42.21 cm   1.01 m   24f  rapp 1.11  [ok]
    [nota] 2 publisher su /lidar_odometry/pose nel grafo (1 processi mola-cli): voce stantia, si prosegue perche' la posa arriva
    gen2 #09  rst  0.7  end   1.7 mean   0.3 max   1.7  dir   -1.2  dmg    0.3 cm   pert   10.03 cm   1.03 m   18f  rapp 0.77  [ok]
    [nota] 2 publisher su /lidar_odometry/pose nel grafo (1 processi mola-cli): voce stantia, si prosegue perche' la posa arriva
    gen2 #10  rst  0.7  end   1.8 mean   0.6 max   1.8  dir   -1.2  dmg    0.6 cm   pert   29.91 cm   1.03 m   29f  rapp 1.19  [ok]
    [nota] 2 publisher su /lidar_odometry/pose nel grafo (1 processi mola-cli): voce stantia, si prosegue perche' la posa arriva
    gen2 #11  rst  0.7  end   9.2 mean   2.9 max   9.2  dir   +1.3  dmg    4.3 cm   pert   43.52 cm   1.01 m   26f  rapp 1.04  [ok]
    [nota] 2 publisher su /lidar_odometry/pose nel grafo (1 processi mola-cli): voce stantia, si prosegue perche' la posa arriva
    gen2 #12  rst  0.7  end   2.2 mean   0.7 max   2.2  dir   +1.5  dmg    2.2 cm   pert   31.53 cm   1.01 m   21f  rapp 1.15  [ok]
    [nota] 2 publisher su /lidar_odometry/pose nel grafo (1 processi mola-cli): voce stantia, si prosegue perche' la posa arriva
    #13  SCARTATA  1.02 m   18 frame  [untracked(0.48)]
    [nota] 2 publisher su /lidar_odometry/pose nel grafo (1 processi mola-cli): voce stantia, si prosegue perche' la posa arriva
    gen2 #14  rst  0.7  end   4.6 mean   1.4 max   4.6  dir   -0.1  dmg    1.4 cm   pert   34.39 cm   1.01 m   20f  rapp 1.30  [ok]
    [nota] 2 publisher su /lidar_odometry/pose nel grafo (1 processi mola-cli): voce stantia, si prosegue perche' la posa arriva
    gen2 #15  rst  0.7  end   4.3 mean   1.1 max   4.3  dir   -1.5  dmg    1.1 cm   pert   26.61 cm   1.03 m   19f  rapp 0.98  [ok]
    [nota] 2 publisher su /lidar_odometry/pose nel grafo (1 processi mola-cli): voce stantia, si prosegue perche' la posa arriva
    gen3 #16  rst  0.7  end   5.8 mean   2.0 max   5.8  dir   -0.1  dmg    2.0 cm   pert   17.89 cm   1.02 m   21f  rapp 0.95  [ok]
    [nota] 2 publisher su /lidar_odometry/pose nel grafo (1 processi mola-cli): voce stantia, si prosegue perche' la posa arriva
    #17  SCARTATA  1.01 m   19 frame  [untracked(0.58)]
    [nota] 2 publisher su /lidar_odometry/pose nel grafo (1 processi mola-cli): voce stantia, si prosegue perche' la posa arriva
    gen3 #18  rst  0.7  end   4.4 mean   1.3 max   4.4  dir   +1.2  dmg    2.5 cm   pert   27.78 cm   1.01 m   18f  rapp 1.08  [ok]
    [nota] 2 publisher su /lidar_odometry/pose nel grafo (1 processi mola-cli): voce stantia, si prosegue perche' la posa arriva
    gen3 #19  rst  0.7  end   7.1 mean   2.1 max   7.1  dir   -0.1  dmg    2.1 cm   pert   30.91 cm   1.02 m   19f  rapp 0.68  [ok]
    [nota] 2 publisher su /lidar_odometry/pose nel grafo (1 processi mola-cli): voce stantia, si prosegue perche' la posa arriva
    gen3 #20  rst  0.7  end   7.8 mean   2.3 max   7.8  dir   -1.4  dmg    2.3 cm   pert   42.48 cm   1.03 m   29f  rapp 0.69  [ok]
    [nota] 2 publisher su /lidar_odometry/pose nel grafo (1 processi mola-cli): voce stantia, si prosegue perche' la posa arriva
    gen3 #21  rst  0.7  end   4.2 mean   1.2 max   4.2  dir   -0.2  dmg    1.2 cm   pert   34.24 cm   1.02 m   26f  rapp 1.03  [ok]
    [nota] 2 publisher su /lidar_odometry/pose nel grafo (1 processi mola-cli): voce stantia, si prosegue perche' la posa arriva
    gen3 #22  rst  0.7  end   4.9 mean   1.9 max   4.9  dir   -0.0  dmg    1.9 cm   pert   18.40 cm   1.02 m   19f  rapp 0.86  [ok]
    [nota] 2 publisher su /lidar_odometry/pose nel grafo (1 processi mola-cli): voce stantia, si prosegue perche' la posa arriva
    gen3 #23  rst  0.7  end   8.8 mean   2.5 max   8.8  dir   +1.3  dmg    3.8 cm   pert   34.10 cm   1.01 m   23f  rapp 1.23  [ok]
    [nota] 2 publisher su /lidar_odometry/pose nel grafo (1 processi mola-cli): voce stantia, si prosegue perche' la posa arriva
    gen4 #24  rst  0.7  end   4.2 mean   1.0 max   4.1  dir   +1.1  dmg    2.1 cm   pert   14.56 cm   1.01 m   28f  rapp 0.83  [ok]
    [nota] 2 publisher su /lidar_odometry/pose nel grafo (1 processi mola-cli): voce stantia, si prosegue perche' la posa arriva
    #25  SCARTATA  1.01 m   29 frame  [untracked(0.45)]
    [nota] 2 publisher su /lidar_odometry/pose nel grafo (1 processi mola-cli): voce stantia, si prosegue perche' la posa arriva
    gen4 #26  rst  0.7  end   2.0 mean   0.6 max   2.0  dir   +1.5  dmg    2.1 cm   pert   47.17 cm   1.01 m   22f  rapp 1.11  [ok]
    [nota] 2 publisher su /lidar_odometry/pose nel grafo (1 processi mola-cli): voce stantia, si prosegue perche' la posa arriva
    gen4 #27  rst  0.7  end   3.6 mean   1.1 max   3.6  dir   -0.1  dmg    1.1 cm   pert   43.74 cm   1.02 m   25f  rapp 1.21  [ok]
    [nota] 2 publisher su /lidar_odometry/pose nel grafo (1 processi mola-cli): voce stantia, si prosegue perche' la posa arriva
    gen4 #28  rst  0.7  end   4.6 mean   1.3 max   4.6  dir   -0.2  dmg    1.3 cm   pert   35.77 cm   1.02 m   26f  rapp 1.37  [ok]
    [nota] 2 publisher su /lidar_odometry/pose nel grafo (1 processi mola-cli): voce stantia, si prosegue perche' la posa arriva
    gen4 #29  rst  0.7  end   9.2 mean   2.6 max   9.2  dir   -1.3  dmg    2.6 cm   pert   38.47 cm   1.03 m   24f  rapp 0.81  [ok]
    [nota] 2 publisher su /lidar_odometry/pose nel grafo (1 processi mola-cli): voce stantia, si prosegue perche' la posa arriva
    gen4 #30  rst  0.7  end   1.1 mean   0.2 max   1.1  dir   -0.1  dmg    0.2 cm   pert   10.21 cm   1.02 m   22f  rapp 1.00  [ok]
    [nota] 2 publisher su /lidar_odometry/pose nel grafo (1 processi mola-cli): voce stantia, si prosegue perche' la posa arriva
    gen4 #31  rst  0.7  end   9.3 mean   2.8 max   9.3  dir   +1.2  dmg    4.0 cm   pert   29.77 cm   1.01 m   27f  rapp 1.03  [ok]

  FRONTE DI PARETO: 4 soluzioni non dominate su 32 valutate (29 valide)
    danno    0.49 cm   pert    9.444 cm   rapporto   0.05
    danno    4.27 cm   pert   43.519 cm   rapporto   0.10
    danno    2.45 cm   pert   27.780 cm   rapporto   0.09
    danno    2.09 cm   pert   14.562 cm   rapporto   0.14 <- scelto

  Genoma scelto (tutti i 17 geni decodificati):
      cluster_direction          [-0.133, +0.835, -0.534]
      cluster_strength           +0.6000
      curvature_strength         +0.4068
      dropout_rate               +0.0221
      edge_attack_strength       +0.7292
      geometric_distortion       +0.0745
      ghost_ratio                +0.0143
      noise_direction            [+0.847, +0.300, -0.440]
      noise_intensity            +0.0462
      scanline_strength          +0.0201
      spatial_correlation        +0.4614
      strategic_ghost            +0.3078
      temporal_drift_strength    +0.2147
    [nota] 2 publisher su /lidar_odometry/pose nel grafo (1 processi mola-cli): voce stantia, si prosegue perche' la posa arriva
  rivalutazione: danno 0.3 cm (in ricerca 2.1)  pert 8.91  [ok]
    [nota] 2 publisher su /lidar_odometry/pose nel grafo (1 processi mola-cli): voce stantia, si prosegue perche' la posa arriva

  APPLICATO: il robot e' in [ 2.491  0.071 -0.097]
  percorsi 1.01 m su 32 frame perturbati
  deviazione reale dal nominale: fine 3.0  media 0.7  max 3.0 cm   danno 1.9 cm (in valutazione era 2.1 cm)   [ok]
  tempo finestra: 13.1 min

── finestra 3 (stima 4) ────────────────────────────────────────
  waypoint corrente 1/1 [5.011 0.   ]  distanza al bersaglio finale 2.52 m
  stato salvato in [ 2.491  0.071 -0.097]
    [nota] 2 publisher su /lidar_odometry/pose nel grafo (1 processi mola-cli): voce stantia, si prosegue perche' la posa arriva
  nominale: parte da [ 2.498  0.07  -0.097] (ripristino 0.7 cm dallo stato salvato)  arriva in [3.738 0.026 0.043]  percorsi 1.02 m  27 frame  32 pose vere  rotazione +8° (bersaglio a +4°)  rapporto stima/verita' 0.93  [ok]
  — le deviazioni qui sotto sono misurate rispetto a questo punto
    [nota] 2 publisher su /lidar_odometry/pose nel grafo (1 processi mola-cli): voce stantia, si prosegue perche' la posa arriva
    gen1 #00  rst  0.7  end   3.5 mean   1.0 max   3.5  dir   +1.4  dmg    2.4 cm   pert   32.74 cm   1.01 m   23f  rapp 1.14  [ok]
    [nota] 2 publisher su /lidar_odometry/pose nel grafo (1 processi mola-cli): voce stantia, si prosegue perche' la posa arriva
    gen1 #01  rst  0.7  end   2.5 mean   0.8 max   2.5  dir   +0.0  dmg    0.8 cm   pert    8.93 cm   1.02 m   20f  rapp 0.73  [ok]
    [nota] 2 publisher su /lidar_odometry/pose nel grafo (1 processi mola-cli): voce stantia, si prosegue perche' la posa arriva
    #02  SCARTATA  1.03 m   21 frame  [untracked(0.32)]
    [nota] 2 publisher su /lidar_odometry/pose nel grafo (1 processi mola-cli): voce stantia, si prosegue perche' la posa arriva
    gen1 #03  rst  0.7  end   9.2 mean   2.9 max   9.2  dir   +1.1  dmg    4.1 cm   pert   25.18 cm   1.02 m   26f  rapp 0.74  [ok]
    [nota] 2 publisher su /lidar_odometry/pose nel grafo (1 processi mola-cli): voce stantia, si prosegue perche' la posa arriva
    gen1 #04  rst  0.7  end   6.7 mean   2.3 max   6.7  dir   -0.8  dmg    2.3 cm   pert   43.56 cm   1.03 m   24f  rapp 1.30  [ok]
    [nota] 2 publisher su /lidar_odometry/pose nel grafo (1 processi mola-cli): voce stantia, si prosegue perche' la posa arriva
    gen1 #05  rst  0.7  end  11.1 mean   3.4 max  11.1  dir   +1.6  dmg    5.0 cm   pert   41.28 cm   1.02 m   28f  rapp 1.32  [ok]
    [nota] 2 publisher su /lidar_odometry/pose nel grafo (1 processi mola-cli): voce stantia, si prosegue perche' la posa arriva
    gen1 #06  rst  0.7  end   7.8 mean   2.6 max   7.8  dir   +2.1  dmg    4.7 cm   pert   23.33 cm   1.01 m   21f  rapp 1.33  [ok]
    [nota] 2 publisher su /lidar_odometry/pose nel grafo (1 processi mola-cli): voce stantia, si prosegue perche' la posa arriva
    gen1 #07  rst  0.7  end   8.0 mean   2.5 max   8.0  dir   -0.4  dmg    2.5 cm   pert   39.34 cm   1.03 m   26f  rapp 0.86  [ok]
    [nota] 2 publisher su /lidar_odometry/pose nel grafo (1 processi mola-cli): voce stantia, si prosegue perche' la posa arriva
    gen2 #08  rst  0.7  end   3.1 mean   1.0 max   3.1  dir   -1.2  dmg    1.0 cm   pert   35.76 cm   1.03 m   26f  rapp 0.68  [ok]
    [nota] 2 publisher su /lidar_odometry/pose nel grafo (1 processi mola-cli): voce stantia, si prosegue perche' la posa arriva
    gen2 #09  rst  0.7  end   3.0 mean   0.8 max   3.0  dir   -1.4  dmg    0.8 cm   pert   11.16 cm   1.04 m   24f  rapp 0.81  [ok]
    [nota] 2 publisher su /lidar_odometry/pose nel grafo (1 processi mola-cli): voce stantia, si prosegue perche' la posa arriva
    gen2 #10  rst  0.7  end   8.5 mean   2.7 max   8.5  dir   -0.4  dmg    2.7 cm   pert   42.10 cm   1.03 m   20f  rapp 0.79  [ok]
    [nota] 2 publisher su /lidar_odometry/pose nel grafo (1 processi mola-cli): voce stantia, si prosegue perche' la posa arriva
    gen2 #11  rst  0.7  end   9.9 mean   3.3 max   9.9  dir   +1.2  dmg    4.5 cm   pert   35.28 cm   1.02 m   21f  rapp 1.11  [ok]
    [nota] 2 publisher su /lidar_odometry/pose nel grafo (1 processi mola-cli): voce stantia, si prosegue perche' la posa arriva
    gen2 #12  rst  0.7  end  10.4 mean   3.4 max  10.4  dir   -0.0  dmg    3.4 cm   pert   50.45 cm   1.03 m   23f  rapp 0.76  [ok]
    [nota] 2 publisher su /lidar_odometry/pose nel grafo (1 processi mola-cli): voce stantia, si prosegue perche' la posa arriva
    gen2 #13  rst  0.7  end   8.0 mean   2.5 max   8.0  dir   +2.2  dmg    4.7 cm   pert   36.08 cm   1.01 m   25f  rapp 1.29  [ok]
    [nota] 2 publisher su /lidar_odometry/pose nel grafo (1 processi mola-cli): voce stantia, si prosegue perche' la posa arriva
    gen2 #14  rst  0.7  end   2.9 mean   0.9 max   2.9  dir   +1.4  dmg    2.4 cm   pert   36.13 cm   1.02 m   23f  rapp 0.69  [ok]
    [nota] 2 publisher su /lidar_odometry/pose nel grafo (1 processi mola-cli): voce stantia, si prosegue perche' la posa arriva
    gen2 #15  rst  0.7  end   6.1 mean   2.1 max   6.1  dir   +0.5  dmg    2.6 cm   pert   30.75 cm   1.02 m   28f  rapp 1.05  [ok]
    [nota] 2 publisher su /lidar_odometry/pose nel grafo (1 processi mola-cli): voce stantia, si prosegue perche' la posa arriva
    gen3 #16  rst  0.8  end  10.0 mean   3.3 max  10.0  dir   +2.5  dmg    5.8 cm   pert   53.22 cm   1.02 m   28f  rapp 1.55  [ok]
    [nota] 2 publisher su /lidar_odometry/pose nel grafo (1 processi mola-cli): voce stantia, si prosegue perche' la posa arriva
    gen3 #17  rst  0.7  end   6.2 mean   2.0 max   6.2  dir   +1.8  dmg    3.9 cm   pert   42.20 cm   1.01 m   26f  rapp 1.03  [ok]
    [nota] 2 publisher su /lidar_odometry/pose nel grafo (1 processi mola-cli): voce stantia, si prosegue perche' la posa arriva
    gen3 #18  rst  0.7  end   5.1 mean   1.7 max   5.0  dir   +1.7  dmg    3.4 cm   pert   34.12 cm   1.01 m   22f  rapp 0.72  [ok]
    [nota] 2 publisher su /lidar_odometry/pose nel grafo (1 processi mola-cli): voce stantia, si prosegue perche' la posa arriva
    gen3 #19  rst  0.7  end  11.5 mean   3.6 max  11.5  dir   +2.9  dmg    6.5 cm   pert   41.82 cm   1.00 m   33f  rapp 1.24  [ok]
    [nota] 2 publisher su /lidar_odometry/pose nel grafo (1 processi mola-cli): voce stantia, si prosegue perche' la posa arriva
    gen3 #20  rst  0.7  end   8.6 mean   2.9 max   8.6  dir   +1.0  dmg    3.9 cm   pert   28.02 cm   1.02 m   25f  rapp 0.98  [ok]
    [nota] 2 publisher su /lidar_odometry/pose nel grafo (1 processi mola-cli): voce stantia, si prosegue perche' la posa arriva
    gen3 #21  rst  0.7  end   7.4 mean   2.4 max   7.4  dir   +0.8  dmg    3.2 cm   pert   20.94 cm   1.02 m   30f  rapp 1.14  [ok]
    [nota] 2 publisher su /lidar_odometry/pose nel grafo (1 processi mola-cli): voce stantia, si prosegue perche' la posa arriva
    gen3 #22  rst  0.7  end  14.3 mean   4.5 max  14.3  dir   +2.4  dmg    6.9 cm   pert   36.53 cm   1.02 m   19f  rapp 1.04  [ok]
    [nota] 2 publisher su /lidar_odometry/pose nel grafo (1 processi mola-cli): voce stantia, si prosegue perche' la posa arriva
    gen3 #23  rst  0.7  end   8.6 mean   2.9 max   8.6  dir   +1.0  dmg    3.8 cm   pert   27.00 cm   1.02 m   20f  rapp 0.88  [ok]
    [nota] 2 publisher su /lidar_odometry/pose nel grafo (1 processi mola-cli): voce stantia, si prosegue perche' la posa arriva
    gen4 #24  rst  0.7  end   0.8 mean   0.2 max   0.9  dir   +0.1  dmg    0.3 cm   pert   29.33 cm   1.02 m   27f  rapp 0.99  [ok]
    [nota] 2 publisher su /lidar_odometry/pose nel grafo (1 processi mola-cli): voce stantia, si prosegue perche' la posa arriva
    gen4 #25  rst  0.7  end   4.3 mean   1.4 max   4.3  dir   +0.1  dmg    1.5 cm   pert   18.52 cm   1.02 m   19f  rapp 0.97  [ok]
    [nota] 2 publisher su /lidar_odometry/pose nel grafo (1 processi mola-cli): voce stantia, si prosegue perche' la posa arriva
    gen4 #26  rst  0.7  end  14.9 mean   4.7 max  14.9  dir   +3.9  dmg    8.6 cm   pert   47.83 cm   1.00 m   26f  rapp 1.55  [ok]
    [nota] 2 publisher su /lidar_odometry/pose nel grafo (1 processi mola-cli): voce stantia, si prosegue perche' la posa arriva
    gen4 #27  rst  0.7  end   3.5 mean   1.0 max   3.5  dir   +0.0  dmg    1.0 cm   pert   14.71 cm   1.02 m   23f  rapp 1.06  [ok]
    [nota] 2 publisher su /lidar_odometry/pose nel grafo (1 processi mola-cli): voce stantia, si prosegue perche' la posa arriva
    gen4 #28  rst  0.7  end  10.3 mean   3.5 max  10.4  dir   +1.3  dmg    4.8 cm   pert   38.64 cm   1.03 m   25f  rapp 0.99  [ok]
    [nota] 2 publisher su /lidar_odometry/pose nel grafo (1 processi mola-cli): voce stantia, si prosegue perche' la posa arriva
    gen4 #29  rst  0.7  end  11.7 mean   3.5 max  11.7  dir   +0.4  dmg    4.0 cm   pert   52.03 cm   1.03 m   25f  rapp 1.40  [ok]
    [nota] 2 publisher su /lidar_odometry/pose nel grafo (1 processi mola-cli): voce stantia, si prosegue perche' la posa arriva
    gen4 #30  rst  0.7  end   4.8 mean   1.7 max   4.8  dir   +0.3  dmg    2.0 cm   pert   17.18 cm   1.02 m   22f  rapp 1.06  [ok]
    [nota] 2 publisher su /lidar_odometry/pose nel grafo (1 processi mola-cli): voce stantia, si prosegue perche' la posa arriva
    gen4 #31  rst  0.7  end   7.2 mean   2.1 max   7.2  dir   +0.8  dmg    2.9 cm   pert   49.47 cm   1.02 m   27f  rapp 1.58  [ok]

  FRONTE DI PARETO: 7 soluzioni non dominate su 32 valutate (31 valide)
    danno    0.77 cm   pert    8.929 cm   rapporto   0.09
    danno    4.70 cm   pert   23.328 cm   rapporto   0.20 <- scelto
    danno    4.72 cm   pert   36.083 cm   rapporto   0.13
    danno    3.21 cm   pert   20.936 cm   rapporto   0.15
    danno    6.92 cm   pert   36.533 cm   rapporto   0.19
    danno    8.65 cm   pert   47.835 cm   rapporto   0.18
    danno    0.99 cm   pert   14.712 cm   rapporto   0.07

  Genoma scelto (tutti i 17 geni decodificati):
      cluster_direction          [+0.178, -0.516, -0.838]
      cluster_strength           +0.0499
      curvature_strength         +0.0986
      dropout_rate               +0.0030
      edge_attack_strength       +0.5606
      geometric_distortion       +0.5253
      ghost_ratio                +0.0133
      noise_direction            [-0.699, +0.348, +0.624]
      noise_intensity            +0.0026
      scanline_strength          +0.7136
      spatial_correlation        +0.5392
      strategic_ghost            +0.2096
      temporal_drift_strength    +0.9185
    [nota] 2 publisher su /lidar_odometry/pose nel grafo (1 processi mola-cli): voce stantia, si prosegue perche' la posa arriva
  rivalutazione: danno 4.9 cm (in ricerca 4.7)  pert 47.72  [ok]
    [nota] 2 publisher su /lidar_odometry/pose nel grafo (1 processi mola-cli): voce stantia, si prosegue perche' la posa arriva

  APPLICATO: il robot e' in [3.716 0.133 0.251]
  percorsi 1.00 m su 27 frame perturbati
  deviazione reale dal nominale: fine 11.0  media 3.3  max 11.0 cm   danno 6.2 cm (in valutazione era 4.7 cm)   [ok]
  tempo finestra: 13.1 min

── finestra 4 (stima 4) ────────────────────────────────────────
  waypoint corrente 1/1 [5.011 0.   ]  distanza al bersaglio finale 1.30 m
  stato salvato in [3.716 0.133 0.251]
    [nota] 2 publisher su /lidar_odometry/pose nel grafo (1 processi mola-cli): voce stantia, si prosegue perche' la posa arriva
  nominale: parte da [3.723 0.135 0.253] (ripristino 0.7 cm dallo stato salvato)  arriva in [ 4.778  0.088 -0.418]  percorsi 1.01 m  29 frame  41 pose vere  rotazione -38° (bersaglio a -20°)  rapporto stima/verita' 1.00  [ok]
  — le deviazioni qui sotto sono misurate rispetto a questo punto
    [nota] 2 publisher su /lidar_odometry/pose nel grafo (1 processi mola-cli): voce stantia, si prosegue perche' la posa arriva
    gen1 #00  rst  0.6  end  47.9 mean  29.6 max  47.9  dir  +33.4  dmg   63.0 cm   pert   35.36 cm   0.92 m   46f  rapp 1.29  [arrived]
    [nota] 2 publisher su /lidar_odometry/pose nel grafo (1 processi mola-cli): voce stantia, si prosegue perche' la posa arriva
    gen1 #01  rst  0.7  end  10.0 mean   1.3 max  10.0  dir   -6.8  dmg    1.3 cm   pert   13.24 cm   1.01 m   29f  rapp 1.07  [ok]
    [nota] 2 publisher su /lidar_odometry/pose nel grafo (1 processi mola-cli): voce stantia, si prosegue perche' la posa arriva
    #02  SCARTATA  1.03 m   27 frame  [untracked(0.30)]
    [nota] 2 publisher su /lidar_odometry/pose nel grafo (1 processi mola-cli): voce stantia, si prosegue perche' la posa arriva
    gen1 #03  rst  0.7  end   6.6 mean   1.8 max   6.6  dir   +3.2  dmg    5.0 cm   pert   32.69 cm   1.01 m   27f  rapp 1.09  [ok]
    [nota] 2 publisher su /lidar_odometry/pose nel grafo (1 processi mola-cli): voce stantia, si prosegue perche' la posa arriva
    gen1 #04  rst  0.7  end   9.2 mean   1.2 max   9.2  dir   -9.0  dmg    1.2 cm   pert   44.56 cm   1.03 m   21f  rapp 1.22  [ok]
    [nota] 2 publisher su /lidar_odometry/pose nel grafo (1 processi mola-cli): voce stantia, si prosegue perche' la posa arriva
    gen1 #05  rst  0.7  end  12.2 mean   3.5 max  12.2  dir   +4.4  dmg    7.9 cm   pert   34.55 cm   1.01 m   29f  rapp 1.26  [ok]
    [nota] 2 publisher su /lidar_odometry/pose nel grafo (1 processi mola-cli): voce stantia, si prosegue perche' la posa arriva
    gen1 #06  rst  0.7  end  24.9 mean   3.3 max  24.8  dir  +24.8  dmg   28.2 cm   pert   47.19 cm   0.76 m   24f  rapp 1.65  [arrived]
    [nota] 2 publisher su /lidar_odometry/pose nel grafo (1 processi mola-cli): voce stantia, si prosegue perche' la posa arriva
    gen1 #07  rst  0.7  end  16.9 mean   4.8 max  16.9  dir   +4.8  dmg    9.6 cm   pert   39.03 cm   1.00 m   23f  rapp 0.77  [ok]
    [nota] 2 publisher su /lidar_odometry/pose nel grafo (1 processi mola-cli): voce stantia, si prosegue perche' la posa arriva
    #08  SCARTATA  1.01 m   24 frame  [untracked(0.29)]
    [nota] 2 publisher su /lidar_odometry/pose nel grafo (1 processi mola-cli): voce stantia, si prosegue perche' la posa arriva
    gen2 #09  rst  0.7  end  65.0 mean  33.1 max  65.0  dir  +38.0  dmg   71.1 cm   pert   35.43 cm   1.02 m   42f  rapp 0.93  [ok]
    [nota] 2 publisher su /lidar_odometry/pose nel grafo (1 processi mola-cli): voce stantia, si prosegue perche' la posa arriva
    gen2 #10  rst  0.7  end  20.3 mean   5.8 max  20.3  dir   +3.7  dmg    9.4 cm   pert   52.95 cm   1.02 m   28f  rapp 0.73  [ok]
    [nota] 2 publisher su /lidar_odometry/pose nel grafo (1 processi mola-cli): voce stantia, si prosegue perche' la posa arriva
    gen2 #11  rst  0.7  end  18.8 mean   3.7 max  18.8  dir  +17.8  dmg   21.5 cm   pert   47.42 cm   0.92 m   32f  rapp 1.36  [arrived]
    [nota] 2 publisher su /lidar_odometry/pose nel grafo (1 processi mola-cli): voce stantia, si prosegue perche' la posa arriva
    gen2 #12  rst  0.7  end  21.2 mean   6.0 max  21.2  dir   +1.1  dmg    7.0 cm   pert   46.01 cm   1.02 m   22f  rapp 0.72  [ok]
    [nota] 2 publisher su /lidar_odometry/pose nel grafo (1 processi mola-cli): voce stantia, si prosegue perche' la posa arriva
    gen2 #13  rst  0.7  end   7.4 mean   1.7 max   7.4  dir   -0.9  dmg    1.7 cm   pert   16.64 cm   1.01 m   21f  rapp 1.06  [ok]
    [nota] 2 publisher su /lidar_odometry/pose nel grafo (1 processi mola-cli): voce stantia, si prosegue perche' la posa arriva
    #14  SCARTATA  1.02 m   21 frame  [untracked(0.56)]
    [nota] 2 publisher su /lidar_odometry/pose nel grafo (1 processi mola-cli): voce stantia, si prosegue perche' la posa arriva
    gen2 #15  rst  0.6  end   1.6 mean   0.2 max   1.7  dir   -1.6  dmg    0.2 cm   pert   29.18 cm   1.01 m   26f  rapp 1.26  [ok]
    [nota] 2 publisher su /lidar_odometry/pose nel grafo (1 processi mola-cli): voce stantia, si prosegue perche' la posa arriva
    gen3 #16  rst  0.7  end  25.2 mean  17.3 max  26.8  dir   +3.6  dmg   20.9 cm   pert   32.25 cm   1.02 m   31f  rapp 1.15  [ok]
    [nota] 2 publisher su /lidar_odometry/pose nel grafo (1 processi mola-cli): voce stantia, si prosegue perche' la posa arriva
    gen3 #17  rst  0.8  end  50.6 mean  28.5 max  50.6  dir  +36.2  dmg   64.6 cm   pert   61.97 cm   0.91 m   51f  rapp 1.57  [arrived]
    [nota] 2 publisher su /lidar_odometry/pose nel grafo (1 processi mola-cli): voce stantia, si prosegue perche' la posa arriva
    gen3 #18  rst  0.7  end  14.8 mean   3.6 max  14.8  dir  -10.1  dmg    3.6 cm   pert   31.88 cm   1.00 m   21f  rapp 1.02  [ok]
    [nota] 2 publisher su /lidar_odometry/pose nel grafo (1 processi mola-cli): voce stantia, si prosegue perche' la posa arriva
    #19  SCARTATA  0.68 m   28 frame  [stopped_early(0.68m)]
    [nota] 2 publisher su /lidar_odometry/pose nel grafo (1 processi mola-cli): voce stantia, si prosegue perche' la posa arriva
    gen3 #20  rst  0.7  end   3.7 mean   0.4 max   3.7  dir   -3.6  dmg    0.4 cm   pert   43.00 cm   1.02 m   20f  rapp 1.35  [ok]
    [nota] 2 publisher su /lidar_odometry/pose nel grafo (1 processi mola-cli): voce stantia, si prosegue perche' la posa arriva
    gen3 #21  rst  0.7  end   9.6 mean   1.1 max   9.6  dir   -9.5  dmg    1.1 cm   pert   20.17 cm   1.02 m   24f  rapp 1.02  [ok]
    [nota] 2 publisher su /lidar_odometry/pose nel grafo (1 processi mola-cli): voce stantia, si prosegue perche' la posa arriva
    gen3 #22  rst  0.7  end  18.0 mean   3.2 max  18.0  dir   +2.1  dmg    5.3 cm   pert   20.07 cm   1.00 m   35f  rapp 1.18  [ok]
    [nota] 2 publisher su /lidar_odometry/pose nel grafo (1 processi mola-cli): voce stantia, si prosegue perche' la posa arriva
    gen3 #23  rst  0.7  end  17.6 mean   5.6 max  17.6  dir   -0.5  dmg    5.6 cm   pert   21.28 cm   1.01 m   22f  rapp 0.94  [ok]
    [nota] 2 publisher su /lidar_odometry/pose nel grafo (1 processi mola-cli): voce stantia, si prosegue perche' la posa arriva
    #24  SCARTATA  0.94 m  410 frame  [timeout]
    [nota] 2 publisher su /lidar_odometry/pose nel grafo (1 processi mola-cli): voce stantia, si prosegue perche' la posa arriva
    gen4 #25  rst  0.6  end   3.5 mean   2.2 max   3.7  dir   +1.7  dmg    3.9 cm   pert   11.09 cm   1.00 m   20f  rapp 0.98  [ok]
    [nota] 2 publisher su /lidar_odometry/pose nel grafo (1 processi mola-cli): voce stantia, si prosegue perche' la posa arriva
    gen4 #26  rst  0.7  end  18.2 mean   2.4 max  18.2  dir  -13.6  dmg    2.4 cm   pert   11.28 cm   1.02 m   21f  rapp 1.02  [ok]
    [nota] 2 publisher su /lidar_odometry/pose nel grafo (1 processi mola-cli): voce stantia, si prosegue perche' la posa arriva
    gen4 #27  rst  0.7  end  18.3 mean   2.1 max  18.3  dir  -18.2  dmg    2.1 cm   pert   21.96 cm   1.03 m   17f  rapp 0.80  [ok]
    [nota] 2 publisher su /lidar_odometry/pose nel grafo (1 processi mola-cli): voce stantia, si prosegue perche' la posa arriva
    gen4 #28  rst  0.7  end   8.5 mean   1.4 max   8.5  dir   +8.2  dmg    9.6 cm   pert   33.06 cm   0.95 m   24f  rapp 1.19  [arrived]
    [nota] 2 publisher su /lidar_odometry/pose nel grafo (1 processi mola-cli): voce stantia, si prosegue perche' la posa arriva
    gen4 #29  rst  0.7  end  49.9 mean  30.2 max  49.9  dir  +39.0  dmg   69.2 cm   pert   38.34 cm   0.82 m   54f  rapp 1.35  [arrived]
    [nota] 2 publisher su /lidar_odometry/pose nel grafo (1 processi mola-cli): voce stantia, si prosegue perche' la posa arriva
    gen4 #30  rst  0.7  end  46.0 mean  22.9 max  46.0  dir  +20.4  dmg   43.2 cm   pert   30.14 cm   1.03 m   25f  rapp 0.75  [ok]
    [nota] 2 publisher su /lidar_odometry/pose nel grafo (1 processi mola-cli): voce stantia, si prosegue perche' la posa arriva
    gen4 #31  rst  0.7  end   3.6 mean   0.8 max   3.6  dir   +1.4  dmg    2.2 cm   pert   15.33 cm   1.00 m   26f  rapp 1.16  [ok]

  FRONTE DI PARETO: 5 soluzioni non dominate su 32 valutate (27 valide)
    danno   62.96 cm   pert   35.362 cm   rapporto   1.78
    danno   71.12 cm   pert   35.430 cm   rapporto   2.01 <- scelto
    danno    5.32 cm   pert   20.075 cm   rapporto   0.27
    danno    3.88 cm   pert   11.089 cm   rapporto   0.35
    danno   43.25 cm   pert   30.135 cm   rapporto   1.44

  Genoma scelto (tutti i 17 geni decodificati):
      cluster_direction          [-0.130, -0.919, -0.372]
      cluster_strength           +0.9320
      curvature_strength         +0.4016
      dropout_rate               +0.0221
      edge_attack_strength       +0.7025
      geometric_distortion       +0.7560
      ghost_ratio                +0.0194
      noise_direction            [-0.677, -0.264, -0.687]
      noise_intensity            +0.0144
      scanline_strength          +0.0343
      spatial_correlation        +0.0782
      strategic_ghost            +0.7533
      temporal_drift_strength    +0.2150
    [nota] 2 publisher su /lidar_odometry/pose nel grafo (1 processi mola-cli): voce stantia, si prosegue perche' la posa arriva
  rivalutazione: danno 19.4 cm (in ricerca 71.1)  pert 33.55  [arrived]
    [nota] 2 publisher su /lidar_odometry/pose nel grafo (1 processi mola-cli): voce stantia, si prosegue perche' la posa arriva

  APPLICATO: il robot e' in [ 4.812  0.191 -0.225]
  percorsi 1.00 m su 20 frame perturbati
  deviazione reale dal nominale: fine 10.8  media 3.6  max 10.8 cm   danno 6.3 cm (in valutazione era 71.1 cm)   [ok]
  tempo finestra: 14.2 min

  bersaglio finale raggiunto (0.28 m): fine del task

Storico: data/attack/campaign/straight/nsga3_g3_p8x4/rep_09/history.json
