======================================================================
  ATTACCO RECEDING-HORIZON
  bersaglio (5.0, 0.0)   orizzonte 1.0 m   8x4 = 32 candidati/finestra
======================================================================
  frame di lavoro: odom di Isaac (/chassis/odom), non la scena; posa nella scena [-5.989 -1.    -0.   ]
  partenza      : [ 0.011 -0.    -0.   ]
  waypoint rel  : [(5.0, 0.0)]
  waypoint abs  : [(np.float64(5.011), np.float64(-0.0))]
  distanza      : 5.00 m  ->  5 finestre da 1.00 m (1.0 misurati)
  assestamento  : 2.0s a robot fermo dopo l'avvio di MOLA
  frame/finestra: ~12 a regime (10 Hz a 0.8 m/s = 8 cm fra uno scan e l'altro)
  valutazioni   : 8 individui x 4 generazioni = 32, piu' nominale e applicazione
  stima tempo   : ~5.7 min/finestra, ~28 min totali
  genoma        : gruppo 3, 17 geni attivi su 17 (inattivi a -1)
  tracce        : data/attack/campaign/straight/nsga3_g3_p8x4/rep_02/traces e data/attack/campaign/straight/nsga3_g3_p8x4/rep_02/logs
  seed          : 1002

── finestra 1 (stima 5) ────────────────────────────────────────
  waypoint corrente 1/1 [ 5.011 -0.   ]  distanza al bersaglio finale 5.00 m
  stato salvato in [ 0.011 -0.    -0.   ]
  nominale: parte da [ 0.018 -0.    -0.   ] (ripristino 0.7 cm dallo stato salvato)  arriva in [ 1.261e+00 -3.000e-03 -1.000e-03]  percorsi 1.04 m  25 frame  34 pose vere  rotazione -0° (bersaglio a +0°)  rapporto stima/verita' 1.00  [ok]
  — le deviazioni qui sotto sono misurate rispetto a questo punto
    [nota] 2 publisher su /lidar_odometry/pose nel grafo (1 processi mola-cli): voce stantia, si prosegue perche' la posa arriva
    gen1 #00  rst  0.7  end   1.4 mean   0.1 max   1.4  dir   +1.3  dmg    1.4 cm   pert   22.34 cm   1.01 m   24f  rapp 1.13  [ok]
    [nota] 2 publisher su /lidar_odometry/pose nel grafo (1 processi mola-cli): voce stantia, si prosegue perche' la posa arriva
    gen1 #01  rst  0.7  end   3.6 mean   1.0 max   3.6  dir   +1.5  dmg    2.4 cm   pert   37.50 cm   1.02 m   23f  rapp 0.78  [ok]
    [nota] 2 publisher su /lidar_odometry/pose nel grafo (1 processi mola-cli): voce stantia, si prosegue perche' la posa arriva
    gen1 #02  rst  0.7  end   1.7 mean   0.5 max   1.8  dir   +0.0  dmg    0.5 cm   pert   15.03 cm   1.02 m   23f  rapp 0.97  [ok]
    [nota] 2 publisher su /lidar_odometry/pose nel grafo (1 processi mola-cli): voce stantia, si prosegue perche' la posa arriva
    gen1 #03  rst  0.7  end   2.8 mean   0.8 max   2.8  dir   +0.0  dmg    0.9 cm   pert   40.69 cm   1.04 m   25f  rapp 0.60  [ok]
    [nota] 2 publisher su /lidar_odometry/pose nel grafo (1 processi mola-cli): voce stantia, si prosegue perche' la posa arriva
    gen1 #04  rst  0.7  end   3.0 mean   0.8 max   3.0  dir   +0.1  dmg    0.9 cm   pert   52.37 cm   1.04 m   24f  rapp 1.12  [ok]
    [nota] 2 publisher su /lidar_odometry/pose nel grafo (1 processi mola-cli): voce stantia, si prosegue perche' la posa arriva
    gen1 #05  rst  0.7  end   2.8 mean   0.3 max   2.8  dir   +2.7  dmg    3.0 cm   pert   12.63 cm   1.01 m   25f  rapp 1.02  [ok]
    [nota] 2 publisher su /lidar_odometry/pose nel grafo (1 processi mola-cli): voce stantia, si prosegue perche' la posa arriva
    gen1 #06  rst  0.7  end   4.0 mean   1.1 max   4.0  dir   +0.1  dmg    1.2 cm   pert   52.13 cm   1.04 m   24f  rapp 1.23  [ok]
    [nota] 2 publisher su /lidar_odometry/pose nel grafo (1 processi mola-cli): voce stantia, si prosegue perche' la posa arriva
    gen1 #07  rst  0.7  end   8.8 mean   2.8 max   8.8  dir   +0.6  dmg    3.4 cm   pert   43.31 cm   1.03 m   25f  rapp 1.38  [ok]
    [nota] 2 publisher su /lidar_odometry/pose nel grafo (1 processi mola-cli): voce stantia, si prosegue perche' la posa arriva
    gen2 #08  rst  0.7  end   1.3 mean   0.4 max   1.3  dir   +0.0  dmg    0.4 cm   pert   41.87 cm   1.04 m   23f  rapp 0.79  [ok]
    [nota] 2 publisher su /lidar_odometry/pose nel grafo (1 processi mola-cli): voce stantia, si prosegue perche' la posa arriva
    gen2 #09  rst  0.7  end   3.0 mean   0.5 max   3.0  dir   +2.7  dmg    3.2 cm   pert   16.31 cm   1.01 m   24f  rapp 0.97  [ok]
    [nota] 2 publisher su /lidar_odometry/pose nel grafo (1 processi mola-cli): voce stantia, si prosegue perche' la posa arriva
    gen2 #10  rst  0.7  end   4.1 mean   1.1 max   4.1  dir   +0.1  dmg    1.2 cm   pert   49.82 cm   1.04 m   23f  rapp 1.23  [ok]
    [nota] 2 publisher su /lidar_odometry/pose nel grafo (1 processi mola-cli): voce stantia, si prosegue perche' la posa arriva
    gen2 #11  rst  0.8  end   3.1 mean   0.5 max   3.1  dir   +2.6  dmg    3.1 cm   pert   15.58 cm   1.01 m   24f  rapp 0.93  [ok]
    [nota] 2 publisher su /lidar_odometry/pose nel grafo (1 processi mola-cli): voce stantia, si prosegue perche' la posa arriva
    gen2 #12  rst  0.7  end   6.4 mean   1.7 max   6.4  dir   +2.9  dmg    4.6 cm   pert   52.26 cm   1.01 m   23f  rapp 1.35  [ok]
    [nota] 2 publisher su /lidar_odometry/pose nel grafo (1 processi mola-cli): voce stantia, si prosegue perche' la posa arriva
    gen2 #13  rst  0.7  end   3.4 mean   0.9 max   3.4  dir   +0.1  dmg    1.0 cm   pert   38.00 cm   1.04 m   24f  rapp 0.77  [ok]
    [nota] 2 publisher su /lidar_odometry/pose nel grafo (1 processi mola-cli): voce stantia, si prosegue perche' la posa arriva
    gen2 #14  rst  0.7  end   2.9 mean   0.7 max   2.9  dir   +0.1  dmg    0.8 cm   pert   48.87 cm   1.04 m   24f  rapp 1.14  [ok]
    [nota] 2 publisher su /lidar_odometry/pose nel grafo (1 processi mola-cli): voce stantia, si prosegue perche' la posa arriva
    gen2 #15  rst  0.7  end   8.7 mean   2.8 max   8.7  dir   +0.6  dmg    3.3 cm   pert   45.70 cm   1.03 m   23f  rapp 1.33  [ok]
    [nota] 2 publisher su /lidar_odometry/pose nel grafo (1 processi mola-cli): voce stantia, si prosegue perche' la posa arriva
    gen3 #16  rst  0.7  end   1.1 mean   0.2 max   1.1  dir   +0.0  dmg    0.3 cm   pert   18.03 cm   1.04 m   24f  rapp 0.98  [ok]
    [nota] 2 publisher su /lidar_odometry/pose nel grafo (1 processi mola-cli): voce stantia, si prosegue perche' la posa arriva
    gen3 #17  rst  0.7  end   8.1 mean   2.5 max   8.1  dir   +0.5  dmg    3.1 cm   pert   40.48 cm   1.03 m   25f  rapp 1.35  [ok]
    [nota] 2 publisher su /lidar_odometry/pose nel grafo (1 processi mola-cli): voce stantia, si prosegue perche' la posa arriva
    gen3 #18  rst  0.7  end   1.4 mean   0.4 max   1.4  dir   -0.0  dmg    0.4 cm   pert   15.82 cm   1.04 m   24f  rapp 0.97  [ok]
    [nota] 2 publisher su /lidar_odometry/pose nel grafo (1 processi mola-cli): voce stantia, si prosegue perche' la posa arriva
    gen3 #19  rst  0.7  end   1.3 mean   0.1 max   1.3  dir   +1.3  dmg    1.4 cm   pert    6.66 cm   1.02 m   24f  rapp 1.01  [ok]
    [nota] 2 publisher su /lidar_odometry/pose nel grafo (1 processi mola-cli): voce stantia, si prosegue perche' la posa arriva
    gen3 #20  rst  0.7  end   6.1 mean   1.6 max   6.1  dir   +2.9  dmg    4.5 cm   pert   51.91 cm   1.01 m   23f  rapp 1.33  [ok]
    [nota] 2 publisher su /lidar_odometry/pose nel grafo (1 processi mola-cli): voce stantia, si prosegue perche' la posa arriva
    gen3 #21  rst  0.7  end   1.5 mean   0.4 max   1.5  dir   +0.0  dmg    0.4 cm   pert   17.72 cm   1.04 m   23f  rapp 0.97  [ok]
    [nota] 2 publisher su /lidar_odometry/pose nel grafo (1 processi mola-cli): voce stantia, si prosegue perche' la posa arriva
    gen3 #22  rst  0.7  end   8.6 mean   2.7 max   8.6  dir   +0.6  dmg    3.3 cm   pert   44.10 cm   1.03 m   25f  rapp 1.39  [ok]
    [nota] 2 publisher su /lidar_odometry/pose nel grafo (1 processi mola-cli): voce stantia, si prosegue perche' la posa arriva
    gen3 #23  rst  0.7  end   8.4 mean   2.7 max   8.4  dir   +0.5  dmg    3.2 cm   pert   45.54 cm   1.03 m   23f  rapp 1.34  [ok]
    [nota] 2 publisher su /lidar_odometry/pose nel grafo (1 processi mola-cli): voce stantia, si prosegue perche' la posa arriva
    gen4 #24  rst  0.7  end   5.8 mean   1.6 max   5.8  dir   +0.3  dmg    1.9 cm   pert   54.62 cm   1.04 m   24f  rapp 1.33  [ok]
    [nota] 2 publisher su /lidar_odometry/pose nel grafo (1 processi mola-cli): voce stantia, si prosegue perche' la posa arriva
    gen4 #25  rst  0.7  end   3.8 mean   1.1 max   3.8  dir   +0.1  dmg    1.2 cm   pert   41.19 cm   1.04 m   23f  rapp 0.80  [ok]
    [nota] 2 publisher su /lidar_odometry/pose nel grafo (1 processi mola-cli): voce stantia, si prosegue perche' la posa arriva
    gen4 #26  rst  0.7  end   8.6 mean   2.8 max   8.6  dir   +1.8  dmg    4.6 cm   pert   46.67 cm   1.02 m   23f  rapp 1.34  [ok]
    [nota] 2 publisher su /lidar_odometry/pose nel grafo (1 processi mola-cli): voce stantia, si prosegue perche' la posa arriva
    gen4 #27  rst  0.7  end   1.8 mean   0.5 max   1.8  dir   +0.0  dmg    0.5 cm   pert   15.77 cm   1.04 m   23f  rapp 0.97  [ok]
    [nota] 2 publisher su /lidar_odometry/pose nel grafo (1 processi mola-cli): voce stantia, si prosegue perche' la posa arriva
    gen4 #28  rst  0.7  end   0.1 mean   0.1 max   0.1  dir   +0.0  dmg    0.1 cm   pert    5.82 cm   1.04 m   26f  rapp 1.00  [ok]
    [nota] 2 publisher su /lidar_odometry/pose nel grafo (1 processi mola-cli): voce stantia, si prosegue perche' la posa arriva
    gen4 #29  rst  0.7  end   0.8 mean   0.3 max   0.8  dir   +0.0  dmg    0.3 cm   pert   13.68 cm   1.04 m   23f  rapp 1.01  [ok]
    [nota] 2 publisher su /lidar_odometry/pose nel grafo (1 processi mola-cli): voce stantia, si prosegue perche' la posa arriva
    gen4 #30  rst  0.7  end   1.3 mean   0.1 max   1.3  dir   +1.3  dmg    1.4 cm   pert    6.18 cm   1.02 m   25f  rapp 1.01  [ok]
    [nota] 2 publisher su /lidar_odometry/pose nel grafo (1 processi mola-cli): voce stantia, si prosegue perche' la posa arriva
    gen4 #31  rst  0.7  end   3.0 mean   0.4 max   3.0  dir   +2.7  dmg    3.1 cm   pert   16.54 cm   1.01 m   24f  rapp 1.03  [ok]

  FRONTE DI PARETO: 5 soluzioni non dominate su 32 valutate (32 valide)
    danno    2.97 cm   pert   12.630 cm   rapporto   0.24 <- scelto
    danno    3.40 cm   pert   43.309 cm   rapporto   0.08
    danno    3.14 cm   pert   15.583 cm   rapporto   0.20
    danno    4.63 cm   pert   52.261 cm   rapporto   0.09
    danno    0.07 cm   pert    5.819 cm   rapporto   0.01

  Genoma scelto (tutti i 17 geni decodificati):
      cluster_direction          [+0.405, +0.320, -0.856]
      cluster_strength           +0.9608
      curvature_strength         +0.4262
      dropout_rate               +0.0229
      edge_attack_strength       +0.2113
      geometric_distortion       +0.3838
      ghost_ratio                +0.0106
      noise_direction            [+0.272, -0.902, -0.335]
      noise_intensity            +0.0023
      scanline_strength          +0.5431
      spatial_correlation        +0.3723
      strategic_ghost            +0.8529
      temporal_drift_strength    +0.0641
    [nota] 2 publisher su /lidar_odometry/pose nel grafo (1 processi mola-cli): voce stantia, si prosegue perche' la posa arriva
  rivalutazione: danno 0.2 cm (in ricerca 3.0)  pert 13.44  [ok]
    [nota] 2 publisher su /lidar_odometry/pose nel grafo (1 processi mola-cli): voce stantia, si prosegue perche' la posa arriva

  APPLICATO: il robot e' in [1.234 0.004 0.009]
  percorsi 1.01 m su 25 frame perturbati
  deviazione reale dal nominale: fine 2.7  media 0.3  max 2.8 cm   danno 3.0 cm (in valutazione era 3.0 cm)   [untracked(0.03)]
  tempo finestra: 13.0 min

── finestra 2 (stima 5) ────────────────────────────────────────
  waypoint corrente 1/1 [ 5.011 -0.   ]  distanza al bersaglio finale 3.78 m
  stato salvato in [1.234 0.004 0.009]
    [nota] 2 publisher su /lidar_odometry/pose nel grafo (1 processi mola-cli): voce stantia, si prosegue perche' la posa arriva
  nominale: parte da [1.241 0.004 0.009] (ripristino 0.7 cm dallo stato salvato)  arriva in [ 2.484  0.003 -0.009]  percorsi 1.04 m  24 frame  32 pose vere  rotazione -1° (bersaglio a -1°)  rapporto stima/verita' 1.01  [ok]
  — le deviazioni qui sotto sono misurate rispetto a questo punto
    [nota] 2 publisher su /lidar_odometry/pose nel grafo (1 processi mola-cli): voce stantia, si prosegue perche' la posa arriva
    gen1 #00  rst  0.7  end   1.0 mean   0.2 max   1.0  dir   -0.0  dmg    0.2 cm   pert   20.96 cm   1.04 m   24f  rapp 1.09  [ok]
    [nota] 2 publisher su /lidar_odometry/pose nel grafo (1 processi mola-cli): voce stantia, si prosegue perche' la posa arriva
    gen1 #01  rst  0.7  end   4.9 mean   1.2 max   4.9  dir   +2.8  dmg    4.0 cm   pert   39.70 cm   1.01 m   23f  rapp 0.79  [ok]
    [nota] 2 publisher su /lidar_odometry/pose nel grafo (1 processi mola-cli): voce stantia, si prosegue perche' la posa arriva
    gen1 #02  rst  0.7  end   2.4 mean   0.7 max   2.4  dir   +0.0  dmg    0.7 cm   pert   15.55 cm   1.04 m   24f  rapp 0.98  [ok]
    [nota] 2 publisher su /lidar_odometry/pose nel grafo (1 processi mola-cli): voce stantia, si prosegue perche' la posa arriva
    gen1 #03  rst  0.7  end   3.4 mean   1.0 max   3.4  dir   +0.1  dmg    1.1 cm   pert   38.70 cm   1.04 m   24f  rapp 0.62  [ok]
    [nota] 2 publisher su /lidar_odometry/pose nel grafo (1 processi mola-cli): voce stantia, si prosegue perche' la posa arriva
    gen1 #04  rst  0.7  end   4.7 mean   1.3 max   4.7  dir   +0.2  dmg    1.5 cm   pert   51.45 cm   1.04 m   25f  rapp 1.14  [ok]
    [nota] 2 publisher su /lidar_odometry/pose nel grafo (1 processi mola-cli): voce stantia, si prosegue perche' la posa arriva
    gen1 #05  rst  0.7  end   0.5 mean   0.2 max   0.5  dir   -0.0  dmg    0.2 cm   pert   12.07 cm   1.04 m   25f  rapp 1.01  [ok]
    [nota] 2 publisher su /lidar_odometry/pose nel grafo (1 processi mola-cli): voce stantia, si prosegue perche' la posa arriva
    gen1 #06  rst  0.7  end   5.8 mean   1.6 max   5.8  dir   +0.3  dmg    1.9 cm   pert   51.37 cm   1.04 m   22f  rapp 1.23  [ok]
    [nota] 2 publisher su /lidar_odometry/pose nel grafo (1 processi mola-cli): voce stantia, si prosegue perche' la posa arriva
    gen1 #07  rst  0.7  end   9.8 mean   3.0 max   9.8  dir   +0.8  dmg    3.7 cm   pert   39.81 cm   1.03 m   23f  rapp 1.27  [ok]
    [nota] 2 publisher su /lidar_odometry/pose nel grafo (1 processi mola-cli): voce stantia, si prosegue perche' la posa arriva
    gen2 #08  rst  0.7  end   6.5 mean   1.9 max   6.5  dir   +0.3  dmg    2.3 cm   pert   44.99 cm   1.04 m   23f  rapp 1.24  [ok]
    [nota] 2 publisher su /lidar_odometry/pose nel grafo (1 processi mola-cli): voce stantia, si prosegue perche' la posa arriva
    gen2 #09  rst  0.7  end   0.7 mean   0.2 max   0.7  dir   -0.0  dmg    0.2 cm   pert   20.97 cm   1.04 m   23f  rapp 1.09  [ok]
    [nota] 2 publisher su /lidar_odometry/pose nel grafo (1 processi mola-cli): voce stantia, si prosegue perche' la posa arriva
    gen2 #10  rst  0.7  end   6.1 mean   1.8 max   6.1  dir   +0.3  dmg    2.1 cm   pert   55.42 cm   1.04 m   23f  rapp 1.11  [ok]
    [nota] 2 publisher su /lidar_odometry/pose nel grafo (1 processi mola-cli): voce stantia, si prosegue perche' la posa arriva
    gen2 #11  rst  0.7  end   3.0 mean   0.4 max   3.0  dir   +2.6  dmg    3.1 cm   pert   20.84 cm   1.01 m   24f  rapp 1.07  [ok]
    [nota] 2 publisher su /lidar_odometry/pose nel grafo (1 processi mola-cli): voce stantia, si prosegue perche' la posa arriva
    gen2 #12  rst  0.7  end  10.3 mean   3.1 max  10.3  dir   +3.5  dmg    6.6 cm   pert   56.74 cm   1.01 m   23f  rapp 1.34  [ok]
    [nota] 2 publisher su /lidar_odometry/pose nel grafo (1 processi mola-cli): voce stantia, si prosegue perche' la posa arriva
    gen2 #13  rst  0.7  end   0.0 mean   0.1 max   0.1  dir   +0.0  dmg    0.1 cm   pert   11.60 cm   1.04 m   24f  rapp 0.98  [ok]
    [nota] 2 publisher su /lidar_odometry/pose nel grafo (1 processi mola-cli): voce stantia, si prosegue perche' la posa arriva
    gen2 #14  rst  0.7  end   4.3 mean   1.2 max   4.3  dir   +0.2  dmg    1.3 cm   pert   50.11 cm   1.04 m   25f  rapp 1.12  [ok]
    [nota] 2 publisher su /lidar_odometry/pose nel grafo (1 processi mola-cli): voce stantia, si prosegue perche' la posa arriva
    gen2 #15  rst  0.7  end   1.7 mean   0.5 max   1.7  dir   -0.0  dmg    0.5 cm   pert   18.29 cm   1.04 m   24f  rapp 0.93  [ok]
    [nota] 2 publisher su /lidar_odometry/pose nel grafo (1 processi mola-cli): voce stantia, si prosegue perche' la posa arriva
    gen3 #16  rst  0.7  end   1.9 mean   0.4 max   1.9  dir   +1.3  dmg    1.7 cm   pert   20.71 cm   1.02 m   23f  rapp 1.08  [ok]
    [nota] 2 publisher su /lidar_odometry/pose nel grafo (1 processi mola-cli): voce stantia, si prosegue perche' la posa arriva
    gen3 #17  rst  0.7  end   3.0 mean   0.5 max   3.0  dir   +2.7  dmg    3.2 cm   pert   15.65 cm   1.01 m   23f  rapp 0.91  [ok]
    [nota] 2 publisher su /lidar_odometry/pose nel grafo (1 processi mola-cli): voce stantia, si prosegue perche' la posa arriva
    gen3 #18  rst  0.7  end   3.5 mean   1.0 max   3.5  dir   +0.1  dmg    1.1 cm   pert   41.24 cm   1.04 m   23f  rapp 0.67  [ok]
    [nota] 2 publisher su /lidar_odometry/pose nel grafo (1 processi mola-cli): voce stantia, si prosegue perche' la posa arriva
    gen3 #19  rst  0.7  end   5.1 mean   1.5 max   5.1  dir   +1.5  dmg    3.0 cm   pert   42.39 cm   1.02 m   23f  rapp 0.79  [ok]
    [nota] 2 publisher su /lidar_odometry/pose nel grafo (1 processi mola-cli): voce stantia, si prosegue perche' la posa arriva
    gen3 #20  rst  0.7  end   9.4 mean   2.8 max   9.4  dir   +0.8  dmg    3.6 cm   pert   54.20 cm   1.03 m   25f  rapp 1.34  [ok]
    [nota] 2 publisher su /lidar_odometry/pose nel grafo (1 processi mola-cli): voce stantia, si prosegue perche' la posa arriva
    gen3 #21  rst  0.7  end   0.2 mean   0.1 max   0.2  dir   -0.1  dmg    0.1 cm   pert   13.07 cm   1.04 m   24f  rapp 1.02  [ok]
    [nota] 2 publisher su /lidar_odometry/pose nel grafo (1 processi mola-cli): voce stantia, si prosegue perche' la posa arriva
    gen3 #22  rst  0.7  end   3.2 mean   0.6 max   3.2  dir   +2.7  dmg    3.2 cm   pert   20.43 cm   1.01 m   23f  rapp 0.98  [ok]
    [nota] 2 publisher su /lidar_odometry/pose nel grafo (1 processi mola-cli): voce stantia, si prosegue perche' la posa arriva
    gen3 #23  rst  0.7  end   1.9 mean   0.6 max   2.0  dir   -0.0  dmg    0.6 cm   pert   16.58 cm   1.04 m   24f  rapp 1.06  [ok]
    [nota] 2 publisher su /lidar_odometry/pose nel grafo (1 processi mola-cli): voce stantia, si prosegue perche' la posa arriva
    gen4 #24  rst  0.7  end   1.0 mean   0.5 max   1.0  dir   -0.0  dmg    0.5 cm   pert   19.70 cm   1.04 m   23f  rapp 0.97  [ok]
    [nota] 2 publisher su /lidar_odometry/pose nel grafo (1 processi mola-cli): voce stantia, si prosegue perche' la posa arriva
    gen4 #25  rst  0.7  end   8.1 mean   2.2 max   8.1  dir   +0.6  dmg    2.9 cm   pert   48.86 cm   1.03 m   25f  rapp 1.35  [ok]
    [nota] 2 publisher su /lidar_odometry/pose nel grafo (1 processi mola-cli): voce stantia, si prosegue perche' la posa arriva
    gen4 #26  rst  0.7  end   1.1 mean   0.3 max   1.1  dir   -0.0  dmg    0.3 cm   pert   20.68 cm   1.04 m   23f  rapp 0.92  [ok]
    [nota] 2 publisher su /lidar_odometry/pose nel grafo (1 processi mola-cli): voce stantia, si prosegue perche' la posa arriva
    gen4 #27  rst  0.7  end   8.8 mean   2.5 max   8.8  dir   +0.7  dmg    3.2 cm   pert   54.48 cm   1.03 m   24f  rapp 1.36  [ok]
    [nota] 2 publisher su /lidar_odometry/pose nel grafo (1 processi mola-cli): voce stantia, si prosegue perche' la posa arriva
    gen4 #28  rst  0.7  end   8.0 mean   2.2 max   8.0  dir   +3.2  dmg    5.4 cm   pert   51.78 cm   1.01 m   23f  rapp 1.32  [ok]
    [nota] 2 publisher su /lidar_odometry/pose nel grafo (1 processi mola-cli): voce stantia, si prosegue perche' la posa arriva
    gen4 #29  rst  0.7  end   5.3 mean   1.5 max   5.3  dir   +0.2  dmg    1.8 cm   pert   39.35 cm   1.04 m   25f  rapp 0.81  [ok]
    [nota] 2 publisher su /lidar_odometry/pose nel grafo (1 processi mola-cli): voce stantia, si prosegue perche' la posa arriva
    gen4 #30  rst  0.7  end   2.4 mean   0.6 max   2.4  dir   +1.3  dmg    1.9 cm   pert   15.04 cm   1.02 m   24f  rapp 0.98  [ok]
    [nota] 2 publisher su /lidar_odometry/pose nel grafo (1 processi mola-cli): voce stantia, si prosegue perche' la posa arriva
    gen4 #31  rst  0.7  end   1.4 mean   0.2 max   1.4  dir   +1.3  dmg    1.5 cm   pert   12.10 cm   1.02 m   25f  rapp 1.01  [ok]

  FRONTE DI PARETO: 6 soluzioni non dominate su 32 valutate (32 valide)
    danno    4.04 cm   pert   39.699 cm   rapporto   0.10
    danno    6.57 cm   pert   56.744 cm   rapporto   0.12
    danno    0.05 cm   pert   11.605 cm   rapporto   0.00
    danno    3.15 cm   pert   15.650 cm   rapporto   0.20 <- scelto
    danno    3.23 cm   pert   20.434 cm   rapporto   0.16
    danno    5.36 cm   pert   51.776 cm   rapporto   0.10

  Genoma scelto (tutti i 17 geni decodificati):
      cluster_direction          [-0.770, +0.552, -0.321]
      cluster_strength           +0.0646
      curvature_strength         +0.5917
      dropout_rate               +0.0104
      edge_attack_strength       +0.1105
      geometric_distortion       +0.1553
      ghost_ratio                +0.0102
      noise_direction            [+0.461, -0.655, -0.599]
      noise_intensity            +0.0118
      scanline_strength          +0.7715
      spatial_correlation        +0.0586
      strategic_ghost            +0.1721
      temporal_drift_strength    +0.2610
    [nota] 2 publisher su /lidar_odometry/pose nel grafo (1 processi mola-cli): voce stantia, si prosegue perche' la posa arriva
  rivalutazione: danno 1.7 cm (in ricerca 3.2)  pert 15.54  [ok]
    [nota] 2 publisher su /lidar_odometry/pose nel grafo (1 processi mola-cli): voce stantia, si prosegue perche' la posa arriva

  APPLICATO: il robot e' in [ 2.484 -0.012 -0.04 ]
  percorsi 1.04 m su 24 frame perturbati
  deviazione reale dal nominale: fine 1.5  media 0.4  max 1.5 cm   danno 0.4 cm (in valutazione era 3.2 cm)   [ok]
  tempo finestra: 13.0 min

── finestra 3 (stima 5) ────────────────────────────────────────
  waypoint corrente 1/1 [ 5.011 -0.   ]  distanza al bersaglio finale 2.53 m
  stato salvato in [ 2.484 -0.012 -0.04 ]
    [nota] 2 publisher su /lidar_odometry/pose nel grafo (1 processi mola-cli): voce stantia, si prosegue perche' la posa arriva
  nominale: parte da [ 2.491 -0.012 -0.04 ] (ripristino 0.7 cm dallo stato salvato)  arriva in [ 3.706 -0.018  0.033]  percorsi 1.01 m  23 frame  31 pose vere  rotazione +4° (bersaglio a +3°)  rapporto stima/verita' 1.00  [ok]
  — le deviazioni qui sotto sono misurate rispetto a questo punto
    [nota] 2 publisher su /lidar_odometry/pose nel grafo (1 processi mola-cli): voce stantia, si prosegue perche' la posa arriva
    gen1 #00  rst  0.7  end   3.3 mean   0.6 max   3.3  dir   -2.7  dmg    0.6 cm   pert   20.83 cm   1.04 m   25f  rapp 1.10  [ok]
    [nota] 2 publisher su /lidar_odometry/pose nel grafo (1 processi mola-cli): voce stantia, si prosegue perche' la posa arriva
    gen1 #01  rst  0.7  end   9.2 mean   2.7 max   9.2  dir   -1.9  dmg    2.7 cm   pert   44.56 cm   1.04 m   24f  rapp 0.80  [ok]
    [nota] 2 publisher su /lidar_odometry/pose nel grafo (1 processi mola-cli): voce stantia, si prosegue perche' la posa arriva
    gen1 #02  rst  0.7  end   4.5 mean   1.1 max   4.5  dir   -2.5  dmg    1.1 cm   pert   15.02 cm   1.04 m   25f  rapp 0.96  [ok]
    [nota] 2 publisher su /lidar_odometry/pose nel grafo (1 processi mola-cli): voce stantia, si prosegue perche' la posa arriva
    gen1 #03  rst  0.7  end   7.0 mean   1.8 max   7.0  dir   -3.7  dmg    1.8 cm   pert   41.55 cm   1.04 m   25f  rapp 0.61  [ok]
    [nota] 2 publisher su /lidar_odometry/pose nel grafo (1 processi mola-cli): voce stantia, si prosegue perche' la posa arriva
    gen1 #04  rst  0.7  end   7.9 mean   2.1 max   7.9  dir   -2.1  dmg    2.1 cm   pert   48.00 cm   1.04 m   24f  rapp 0.98  [ok]
    [nota] 2 publisher su /lidar_odometry/pose nel grafo (1 processi mola-cli): voce stantia, si prosegue perche' la posa arriva
    gen1 #05  rst  0.7  end   2.7 mean   0.2 max   2.7  dir   -2.7  dmg    0.2 cm   pert   13.29 cm   1.04 m   23f  rapp 1.01  [ok]
    [nota] 2 publisher su /lidar_odometry/pose nel grafo (1 processi mola-cli): voce stantia, si prosegue perche' la posa arriva
    gen1 #06  rst  0.7  end  10.5 mean   2.9 max  10.6  dir   -1.5  dmg    2.9 cm   pert   52.90 cm   1.04 m   24f  rapp 1.24  [ok]
    [nota] 2 publisher su /lidar_odometry/pose nel grafo (1 processi mola-cli): voce stantia, si prosegue perche' la posa arriva
    gen1 #07  rst  0.7  end  13.5 mean   4.0 max  13.5  dir   +0.8  dmg    4.8 cm   pert   40.02 cm   1.02 m   22f  rapp 1.28  [ok]
    [nota] 2 publisher su /lidar_odometry/pose nel grafo (1 processi mola-cli): voce stantia, si prosegue perche' la posa arriva
    gen2 #08  rst  0.7  end   3.8 mean   0.9 max   3.8  dir   -2.6  dmg    0.9 cm   pert   42.84 cm   1.04 m   23f  rapp 0.79  [ok]
    [nota] 2 publisher su /lidar_odometry/pose nel grafo (1 processi mola-cli): voce stantia, si prosegue perche' la posa arriva
    gen2 #09  rst  0.7  end   3.7 mean   1.0 max   3.7  dir   +0.1  dmg    1.1 cm   pert   45.46 cm   1.01 m   23f  rapp 0.60  [ok]
    [nota] 2 publisher su /lidar_odometry/pose nel grafo (1 processi mola-cli): voce stantia, si prosegue perche' la posa arriva
    gen2 #10  rst  0.7  end   9.5 mean   2.6 max   9.5  dir   -1.8  dmg    2.6 cm   pert   55.14 cm   1.04 m   23f  rapp 1.24  [ok]
    [nota] 2 publisher su /lidar_odometry/pose nel grafo (1 processi mola-cli): voce stantia, si prosegue perche' la posa arriva
    gen2 #11  rst  0.7  end   2.7 mean   0.1 max   2.7  dir   -2.7  dmg    0.1 cm   pert    7.91 cm   1.04 m   24f  rapp 1.01  [ok]
    [nota] 2 publisher su /lidar_odometry/pose nel grafo (1 processi mola-cli): voce stantia, si prosegue perche' la posa arriva
    gen2 #12  rst  0.7  end  16.7 mean   4.9 max  16.7  dir   +0.2  dmg    5.1 cm   pert   54.30 cm   1.03 m   24f  rapp 1.39  [ok]
    [nota] 2 publisher su /lidar_odometry/pose nel grafo (1 processi mola-cli): voce stantia, si prosegue perche' la posa arriva
    gen2 #13  rst  0.7  end   3.8 mean   1.1 max   3.8  dir   +0.1  dmg    1.2 cm   pert   19.39 cm   1.01 m   24f  rapp 1.08  [ok]
    [nota] 2 publisher su /lidar_odometry/pose nel grafo (1 processi mola-cli): voce stantia, si prosegue perche' la posa arriva
    gen2 #14  rst  0.7  end   8.8 mean   2.5 max   8.8  dir   -0.5  dmg    2.5 cm   pert   52.19 cm   1.02 m   23f  rapp 1.14  [ok]
    [nota] 2 publisher su /lidar_odometry/pose nel grafo (1 processi mola-cli): voce stantia, si prosegue perche' la posa arriva
    gen2 #15  rst  0.7  end  10.5 mean   3.1 max  10.5  dir   -1.6  dmg    3.1 cm   pert   45.35 cm   1.04 m   23f  rapp 0.99  [ok]
    [nota] 2 publisher su /lidar_odometry/pose nel grafo (1 processi mola-cli): voce stantia, si prosegue perche' la posa arriva
    gen3 #16  rst  0.7  end   2.7 mean   0.1 max   2.7  dir   -2.7  dmg    0.1 cm   pert    9.13 cm   1.04 m   24f  rapp 1.00  [ok]
    [nota] 2 publisher su /lidar_odometry/pose nel grafo (1 processi mola-cli): voce stantia, si prosegue perche' la posa arriva
    gen3 #17  rst  0.7  end  15.4 mean   4.8 max  15.3  dir   +2.5  dmg    7.3 cm   pert   46.66 cm   1.00 m   23f  rapp 1.27  [ok]
    [nota] 2 publisher su /lidar_odometry/pose nel grafo (1 processi mola-cli): voce stantia, si prosegue perche' la posa arriva
    gen3 #18  rst  0.7  end   8.2 mean   2.4 max   8.1  dir   +0.8  dmg    3.2 cm   pert   43.06 cm   1.01 m   23f  rapp 0.81  [ok]
    [nota] 2 publisher su /lidar_odometry/pose nel grafo (1 processi mola-cli): voce stantia, si prosegue perche' la posa arriva
    gen3 #19  rst  0.7  end   2.6 mean   0.7 max   2.6  dir   +0.1  dmg    0.8 cm   pert   14.15 cm   1.01 m   22f  rapp 0.90  [ok]
    [nota] 2 publisher su /lidar_odometry/pose nel grafo (1 processi mola-cli): voce stantia, si prosegue perche' la posa arriva
    gen3 #20  rst  0.7  end  15.4 mean   4.5 max  15.4  dir   -0.2  dmg    4.5 cm   pert   50.76 cm   1.03 m   25f  rapp 1.51  [ok]
    [nota] 2 publisher su /lidar_odometry/pose nel grafo (1 processi mola-cli): voce stantia, si prosegue perche' la posa arriva
    gen3 #21  rst  0.7  end   9.3 mean   2.5 max   9.3  dir   +0.9  dmg    3.5 cm   pert   47.87 cm   1.01 m   25f  rapp 1.38  [ok]
    [nota] 2 publisher su /lidar_odometry/pose nel grafo (1 processi mola-cli): voce stantia, si prosegue perche' la posa arriva
    gen3 #22  rst  0.7  end   2.7 mean   0.1 max   2.7  dir   -2.7  dmg    0.1 cm   pert    7.93 cm   1.04 m   26f  rapp 1.01  [ok]
    [nota] 2 publisher su /lidar_odometry/pose nel grafo (1 processi mola-cli): voce stantia, si prosegue perche' la posa arriva
    gen3 #23  rst  0.7  end   2.7 mean   0.2 max   2.7  dir   -2.7  dmg    0.2 cm   pert   14.39 cm   1.04 m   24f  rapp 1.00  [ok]
    [nota] 2 publisher su /lidar_odometry/pose nel grafo (1 processi mola-cli): voce stantia, si prosegue perche' la posa arriva
    gen4 #24  rst  0.7  end   9.8 mean   3.2 max   9.8  dir   -1.8  dmg    3.2 cm   pert   31.91 cm   1.03 m   23f  rapp 1.07  [ok]
    [nota] 2 publisher su /lidar_odometry/pose nel grafo (1 processi mola-cli): voce stantia, si prosegue perche' la posa arriva
    gen4 #25  rst  0.7  end   4.5 mean   1.1 max   4.5  dir   -2.5  dmg    1.1 cm   pert   17.96 cm   1.04 m   23f  rapp 0.98  [ok]
    [nota] 2 publisher su /lidar_odometry/pose nel grafo (1 processi mola-cli): voce stantia, si prosegue perche' la posa arriva
    gen4 #26  rst  0.7  end   2.6 mean   0.9 max   2.6  dir   +0.1  dmg    1.0 cm   pert   25.60 cm   1.01 m   23f  rapp 1.01  [ok]
    [nota] 2 publisher su /lidar_odometry/pose nel grafo (1 processi mola-cli): voce stantia, si prosegue perche' la posa arriva
    gen4 #27  rst  0.7  end   2.7 mean   0.1 max   2.7  dir   -2.7  dmg    0.1 cm   pert    8.48 cm   1.04 m   24f  rapp 1.01  [ok]
    [nota] 2 publisher su /lidar_odometry/pose nel grafo (1 processi mola-cli): voce stantia, si prosegue perche' la posa arriva
    gen4 #28  rst  0.7  end   9.7 mean   2.9 max   9.8  dir   -1.8  dmg    2.9 cm   pert   36.35 cm   1.04 m   26f  rapp 0.80  [ok]
    [nota] 2 publisher su /lidar_odometry/pose nel grafo (1 processi mola-cli): voce stantia, si prosegue perche' la posa arriva
    gen4 #29  rst  0.7  end   4.0 mean   0.2 max   4.1  dir   -4.0  dmg    0.2 cm   pert    6.28 cm   1.04 m   27f  rapp 1.02  [ok]
    [nota] 2 publisher su /lidar_odometry/pose nel grafo (1 processi mola-cli): voce stantia, si prosegue perche' la posa arriva
    gen4 #30  rst  0.7  end  11.2 mean   3.2 max  11.2  dir   +1.3  dmg    4.5 cm   pert   35.72 cm   1.01 m   22f  rapp 1.10  [ok]
    [nota] 2 publisher su /lidar_odometry/pose nel grafo (1 processi mola-cli): voce stantia, si prosegue perche' la posa arriva
    gen4 #31  rst  0.7  end  14.7 mean   4.6 max  14.7  dir   +2.3  dmg    6.9 cm   pert   42.95 cm   1.00 m   24f  rapp 1.39  [ok]

  FRONTE DI PARETO: 6 soluzioni non dominate su 32 valutate (32 valide)
    danno    0.22 cm   pert   13.292 cm   rapporto   0.02
    danno    4.80 cm   pert   40.020 cm   rapporto   0.12
    danno    1.21 cm   pert   19.394 cm   rapporto   0.06
    danno    7.29 cm   pert   46.658 cm   rapporto   0.16 <- scelto
    danno    3.24 cm   pert   31.913 cm   rapporto   0.10
    danno    0.16 cm   pert    6.276 cm   rapporto   0.03

  Genoma scelto (tutti i 17 geni decodificati):
      cluster_direction          [-0.820, +0.565, +0.093]
      cluster_strength           +0.0646
      curvature_strength         +0.6038
      dropout_rate               +0.0088
      edge_attack_strength       +0.1105
      geometric_distortion       +0.7856
      ghost_ratio                +0.0076
      noise_direction            [-0.098, +0.905, -0.415]
      noise_intensity            +0.0110
      scanline_strength          +0.3250
      spatial_correlation        +0.0969
      strategic_ghost            +0.7184
      temporal_drift_strength    +0.7444
    [nota] 2 publisher su /lidar_odometry/pose nel grafo (1 processi mola-cli): voce stantia, si prosegue perche' la posa arriva
  rivalutazione: danno 4.8 cm (in ricerca 7.3)  pert 47.33  [ok]
    [nota] 2 publisher su /lidar_odometry/pose nel grafo (1 processi mola-cli): voce stantia, si prosegue perche' la posa arriva

  APPLICATO: il robot e' in [3.691 0.122 0.28 ]
  percorsi 1.00 m su 25 frame perturbati
  deviazione reale dal nominale: fine 14.1  media 4.4  max 14.1 cm   danno 6.5 cm (in valutazione era 7.3 cm)   [ok]
  tempo finestra: 13.1 min

── finestra 4 (stima 5) ────────────────────────────────────────
  waypoint corrente 1/1 [ 5.011 -0.   ]  distanza al bersaglio finale 1.33 m
  stato salvato in [3.691 0.122 0.28 ]
    [nota] 2 publisher su /lidar_odometry/pose nel grafo (1 processi mola-cli): voce stantia, si prosegue perche' la posa arriva
  nominale: parte da [3.698 0.124 0.282] (ripristino 0.7 cm dallo stato salvato)  arriva in [ 4.761  0.086 -0.42 ]  percorsi 1.02 m  25 frame  40 pose vere  rotazione -40° (bersaglio a -21°)  rapporto stima/verita' 1.00  [ok]
  — le deviazioni qui sotto sono misurate rispetto a questo punto
    [nota] 2 publisher su /lidar_odometry/pose nel grafo (1 processi mola-cli): voce stantia, si prosegue perche' la posa arriva
    gen1 #00  rst  0.7  end  12.6 mean   4.5 max  12.6  dir   +7.1  dmg   11.6 cm   pert   24.16 cm   0.94 m   29f  rapp 1.20  [arrived]
    [nota] 2 publisher su /lidar_odometry/pose nel grafo (1 processi mola-cli): voce stantia, si prosegue perche' la posa arriva
    gen1 #01  rst  0.7  end  32.5 mean   9.7 max  32.5  dir   +6.6  dmg   16.3 cm   pert   51.78 cm   1.01 m   31f  rapp 1.18  [ok]
    [nota] 2 publisher su /lidar_odometry/pose nel grafo (1 processi mola-cli): voce stantia, si prosegue perche' la posa arriva
    gen1 #02  rst  0.7  end  18.5 mean   5.8 max  18.5  dir   +1.1  dmg    6.9 cm   pert   19.34 cm   1.02 m   32f  rapp 1.08  [ok]
    [nota] 2 publisher su /lidar_odometry/pose nel grafo (1 processi mola-cli): voce stantia, si prosegue perche' la posa arriva
    gen1 #03  rst  0.6  end  17.9 mean   2.0 max  17.9  dir  -16.4  dmg    2.0 cm   pert   45.31 cm   1.04 m   26f  rapp 0.82  [ok]
    [nota] 2 publisher su /lidar_odometry/pose nel grafo (1 processi mola-cli): voce stantia, si prosegue perche' la posa arriva
    gen1 #04  rst  0.7  end  42.4 mean  18.5 max  42.4  dir  +17.1  dmg   35.6 cm   pert   62.27 cm   1.00 m   32f  rapp 1.09  [ok]
    [nota] 2 publisher su /lidar_odometry/pose nel grafo (1 processi mola-cli): voce stantia, si prosegue perche' la posa arriva
    gen1 #05  rst  0.7  end   0.4 mean   0.1 max   0.4  dir   +0.2  dmg    0.4 cm   pert   14.68 cm   1.01 m   26f  rapp 0.98  [ok]
    [nota] 2 publisher su /lidar_odometry/pose nel grafo (1 processi mola-cli): voce stantia, si prosegue perche' la posa arriva
    gen1 #06  rst  0.6  end  50.5 mean  27.5 max  50.5  dir  +39.9  dmg   67.5 cm   pert   68.19 cm   0.79 m   35f  rapp 1.82  [arrived]
    [nota] 2 publisher su /lidar_odometry/pose nel grafo (1 processi mola-cli): voce stantia, si prosegue perche' la posa arriva
    gen1 #07  rst  0.7  end  24.0 mean   4.8 max  24.0  dir  +22.9  dmg   27.7 cm   pert   51.04 cm   0.89 m   28f  rapp 1.66  [arrived]
    [nota] 2 publisher su /lidar_odometry/pose nel grafo (1 processi mola-cli): voce stantia, si prosegue perche' la posa arriva
    gen2 #08  rst  0.7  end  20.4 mean   5.3 max  20.4  dir  +15.3  dmg   20.6 cm   pert   49.08 cm   1.00 m   28f  rapp 1.36  [ok]
    [nota] 2 publisher su /lidar_odometry/pose nel grafo (1 processi mola-cli): voce stantia, si prosegue perche' la posa arriva
    gen2 #09  rst  0.7  end  52.9 mean  26.7 max  52.9  dir  +41.1  dmg   67.8 cm   pert   67.36 cm   0.79 m   35f  rapp 1.86  [arrived]
    [nota] 2 publisher su /lidar_odometry/pose nel grafo (1 processi mola-cli): voce stantia, si prosegue perche' la posa arriva
    gen2 #10  rst  0.7  end  36.1 mean  10.8 max  36.1  dir   +7.5  dmg   18.3 cm   pert   51.90 cm   1.02 m   30f  rapp 1.19  [ok]
    [nota] 2 publisher su /lidar_odometry/pose nel grafo (1 processi mola-cli): voce stantia, si prosegue perche' la posa arriva
    gen2 #11  rst  0.6  end  27.2 mean  17.4 max  28.2  dir   +9.9  dmg   27.3 cm   pert   33.19 cm   0.99 m   33f  rapp 1.13  [arrived]
    [nota] 2 publisher su /lidar_odometry/pose nel grafo (1 processi mola-cli): voce stantia, si prosegue perche' la posa arriva
    gen2 #12  rst  0.7  end  37.9 mean  12.5 max  37.9  dir   +9.1  dmg   21.6 cm   pert   53.20 cm   1.00 m   31f  rapp 1.12  [ok]
    [nota] 2 publisher su /lidar_odometry/pose nel grafo (1 processi mola-cli): voce stantia, si prosegue perche' la posa arriva
    gen2 #13  rst  0.7  end   0.5 mean   0.1 max   0.5  dir   +0.4  dmg    0.5 cm   pert   14.33 cm   1.01 m   25f  rapp 1.02  [ok]
    [nota] 2 publisher su /lidar_odometry/pose nel grafo (1 processi mola-cli): voce stantia, si prosegue perche' la posa arriva
    gen2 #14  rst  0.7  end  15.5 mean   1.6 max  15.5  dir  -14.6  dmg    1.6 cm   pert   42.14 cm   1.01 m   25f  rapp 0.78  [ok]
    [nota] 2 publisher su /lidar_odometry/pose nel grafo (1 processi mola-cli): voce stantia, si prosegue perche' la posa arriva
    gen2 #15  rst  0.7  end  64.0 mean  31.7 max  64.0  dir  +43.8  dmg   75.5 cm   pert   63.18 cm   1.01 m   37f  rapp 1.63  [ok]
    [nota] 2 publisher su /lidar_odometry/pose nel grafo (1 processi mola-cli): voce stantia, si prosegue perche' la posa arriva
    gen3 #16  rst  0.7  end   6.8 mean   1.3 max   6.8  dir   +5.1  dmg    6.4 cm   pert   19.56 cm   1.00 m   29f  rapp 1.09  [ok]
    [nota] 2 publisher su /lidar_odometry/pose nel grafo (1 processi mola-cli): voce stantia, si prosegue perche' la posa arriva
    gen3 #17  rst  0.7  end  25.8 mean  13.9 max  26.2  dir   +9.1  dmg   23.0 cm   pert   34.90 cm   0.99 m   34f  rapp 1.15  [arrived]
    [nota] 2 publisher su /lidar_odometry/pose nel grafo (1 processi mola-cli): voce stantia, si prosegue perche' la posa arriva
    gen3 #18  rst  0.7  end  42.4 mean  21.9 max  42.4  dir  +28.1  dmg   49.9 cm   pert   64.51 cm   0.93 m   36f  rapp 1.77  [arrived]
    [nota] 2 publisher su /lidar_odometry/pose nel grafo (1 processi mola-cli): voce stantia, si prosegue perche' la posa arriva
    #19  SCARTATA  0.52 m   31 frame  [stopped_early(0.52m)]
    [nota] 2 publisher su /lidar_odometry/pose nel grafo (1 processi mola-cli): voce stantia, si prosegue perche' la posa arriva
    gen3 #20  rst  0.7  end  50.3 mean  28.0 max  50.3  dir  +36.6  dmg   64.6 cm   pert   70.69 cm   0.84 m   36f  rapp 1.73  [arrived]
    [nota] 2 publisher su /lidar_odometry/pose nel grafo (1 processi mola-cli): voce stantia, si prosegue perche' la posa arriva
    gen3 #21  rst  0.7  end  29.5 mean  19.1 max  30.5  dir  +11.0  dmg   30.1 cm   pert   34.17 cm   1.00 m   33f  rapp 1.08  [ok]
    [nota] 2 publisher su /lidar_odometry/pose nel grafo (1 processi mola-cli): voce stantia, si prosegue perche' la posa arriva
    gen3 #22  rst  0.7  end  46.8 mean  23.7 max  46.9  dir  +25.2  dmg   49.0 cm   pert   46.24 cm   1.01 m   33f  rapp 1.34  [ok]
    [nota] 2 publisher su /lidar_odometry/pose nel grafo (1 processi mola-cli): voce stantia, si prosegue perche' la posa arriva
    #23  SCARTATA  0.84 m  393 frame  [timeout]
    [nota] 2 publisher su /lidar_odometry/pose nel grafo (1 processi mola-cli): voce stantia, si prosegue perche' la posa arriva
    gen4 #24  rst  0.5  end  27.7 mean  17.3 max  28.3  dir   +9.2  dmg   26.4 cm   pert   32.46 cm   1.01 m   33f  rapp 1.05  [ok]
    [nota] 2 publisher su /lidar_odometry/pose nel grafo (1 processi mola-cli): voce stantia, si prosegue perche' la posa arriva
    gen4 #25  rst  0.7  end  64.8 mean  31.3 max  64.8  dir  +42.8  dmg   74.1 cm   pert   61.96 cm   1.01 m   36f  rapp 1.54  [ok]
    [nota] 2 publisher su /lidar_odometry/pose nel grafo (1 processi mola-cli): voce stantia, si prosegue perche' la posa arriva
    #26  SCARTATA  0.94 m  398 frame  [timeout]
    [nota] 2 publisher su /lidar_odometry/pose nel grafo (1 processi mola-cli): voce stantia, si prosegue perche' la posa arriva
    gen4 #27  rst  0.6  end  15.8 mean   6.3 max  15.8  dir   -1.2  dmg    6.3 cm   pert   46.53 cm   1.00 m   24f  rapp 1.17  [ok]
    [nota] 2 publisher su /lidar_odometry/pose nel grafo (1 processi mola-cli): voce stantia, si prosegue perche' la posa arriva
    gen4 #28  rst  0.7  end  31.4 mean  19.6 max  32.1  dir  +12.2  dmg   31.7 cm   pert   35.84 cm   1.01 m   35f  rapp 1.01  [ok]
    [nota] 2 publisher su /lidar_odometry/pose nel grafo (1 processi mola-cli): voce stantia, si prosegue perche' la posa arriva
    gen4 #29  rst  0.7  end  47.5 mean  24.4 max  47.6  dir  +27.7  dmg   52.1 cm   pert   46.69 cm   1.01 m   34f  rapp 1.40  [ok]
    [nota] 2 publisher su /lidar_odometry/pose nel grafo (1 processi mola-cli): voce stantia, si prosegue perche' la posa arriva
    gen4 #30  rst  0.7  end  12.9 mean   4.2 max  12.9  dir   +6.4  dmg   10.5 cm   pert   23.48 cm   0.96 m   32f  rapp 1.19  [arrived]
    [nota] 2 publisher su /lidar_odometry/pose nel grafo (1 processi mola-cli): voce stantia, si prosegue perche' la posa arriva
    gen4 #31  rst  0.7  end  13.4 mean   4.0 max  13.4  dir   +1.3  dmg    5.3 cm   pert   19.07 cm   1.01 m   29f  rapp 1.15  [ok]

  FRONTE DI PARETO: 5 soluzioni non dominate su 32 valutate (29 valide)
    danno    0.51 cm   pert   14.327 cm   rapporto   0.04
    danno   75.48 cm   pert   63.176 cm   rapporto   1.19 <- scelto
    danno   31.74 cm   pert   35.835 cm   rapporto   0.89
    danno   52.06 cm   pert   46.687 cm   rapporto   1.12
    danno   10.54 cm   pert   23.483 cm   rapporto   0.45

  Genoma scelto (tutti i 17 geni decodificati):
      cluster_direction          [-0.067, +0.317, -0.946]
      cluster_strength           +0.4626
      curvature_strength         +0.4127
      dropout_rate               +0.0104
      edge_attack_strength       +0.7092
      geometric_distortion       +0.1460
      ghost_ratio                +0.0113
      noise_direction            [+0.243, -0.850, -0.467]
      noise_intensity            +0.0374
      scanline_strength          +0.0180
      spatial_correlation        +0.0160
      strategic_ghost            +0.1427
      temporal_drift_strength    +0.9787
    [nota] 2 publisher su /lidar_odometry/pose nel grafo (1 processi mola-cli): voce stantia, si prosegue perche' la posa arriva
  rivalutazione: danno 72.2 cm (in ricerca 75.5)  pert 60.78  [ok]
    [nota] 2 publisher su /lidar_odometry/pose nel grafo (1 processi mola-cli): voce stantia, si prosegue perche' la posa arriva

  APPLICATO: il robot e' in [ 4.509 -0.432 -0.01 ]
  percorsi 0.98 m su 405 frame perturbati
  deviazione reale dal nominale: fine 57.6  media 33.3  max 57.7 cm   danno 73.0 cm (in valutazione era 75.5 cm)   [timeout]
  tempo finestra: 15.6 min

── finestra 5 (stima 5) ────────────────────────────────────────
  waypoint corrente 1/1 [ 5.011 -0.   ]  distanza al bersaglio finale 0.66 m
  stato salvato in [ 4.509 -0.432 -0.01 ]
    [nota] 2 publisher su /lidar_odometry/pose nel grafo (1 processi mola-cli): voce stantia, si prosegue perche' la posa arriva
  nominale FALLITO (stopped_early(0.44m)) — finestra saltata
  bersaglio finale raggiunto (0.19 m): fine del task

Storico: data/attack/campaign/straight/nsga3_g3_p8x4/rep_02/history.json
