─────────────────────────────────────────────────────────────
  topic LiDAR : /carter/lidar_perturbed
  local map   : 25.0 m
  sigma       : iniziale 0.20, max 0.25
  lidar pose  : (-0.2317, 0, 0.526)
  pipeline    : lidar3d-gicp-optimize-twist-local.yaml
  tracce      : data/attack/campaign/straight/gaussian_s0.10/rep_02/logs/traces_w1_reeval.csv
─────────────────────────────────────────────────────────────
  Controlla che il riquadro all'avvio dica 'with optimize_twist'.

[19:28:32.4607|INFO |MolaLauncherApp] Setting up system from YAML config... (set DEBUG verbosity level to see full config)
[19:28:32.4628|INFO |MolaLauncherApp] Instantiating module `lidar_odom` of type `mola::LidarOdometry`
[19:28:32.4633|INFO |MolaLauncherApp] Instantiating module `state_estimation` of type `mola::state_estimation_simple::StateEstimationSimple`
[19:28:32.4634|INFO |MolaLauncherApp] Instantiating module `ros2_bridge` of type `mola::BridgeROS2`
[19:28:32.4636|INFO |MolaLauncherApp] 
╔═══════════════════════════════════════╦═════════════════════════════════╗
║  Entering main MOLA application loop  ║ > CTRL+C for mola-cli to quit < ║
╚═══════════════════════════════════════╩═════════════════════════════════╝
[19:28:32.4638|WARN |LidarOdometry] Your YAML pipeline references one or more deprecated *_sensor_* names (ESTIMATED_SENSOR_MAX_RANGE, INSTANTANEOUS_SENSOR_MAX_RANGE, max_sensor_range_filter_coefficient, absolute_minimum_sensor_range). They are aliases of ESTIMATED_OBSERVATION_RADIUS, INSTANTANEOUS_OBSERVATION_RADIUS, observation_radius_filter_coefficient, absolute_minimum_observation_radius respectively (all measured from base_link, not from the sensor) and will be removed in a future release. Please rename references in your pipeline files.
[19:28:32.4638|INFO |LidarOdometry] 
┌──────────────────────────────────────────────────────────────┐
│              USING THIS LIDAR-ODOMETRY PIPELINE              │
├──────────────────────────────────────────────────────────────┤
│            GICP with cov-to-cov pairings with optimize_twist │
└──────────────────────────────────────────────────────────────┘
[19:28:32.4722|WARN |LidarOdometry] No YAML entry 'observations_deskew_pass', this filter stage will have no effect.
[19:28:32.5139|INFO |mola::BridgeROS2:ros2_bridge] Subscribing to MOLA localization source module 'mola::LidarOdometry:lidar_odom'
[19:28:32.5140|INFO |mola::BridgeROS2:ros2_bridge] Subscribing to MOLA map source module 'mola::LidarOdometry:lidar_odom'
[19:28:32.5140|INFO |mola::BridgeROS2:ros2_bridge] Subscribing to MOLA relocalization module 'mola::LidarOdometry:lidar_odom'
[19:28:32.5148|INFO |mola::BridgeROS2:ros2_bridge] Subscribing to MOLA map server module 'mola::LidarOdometry:lidar_odom'
[19:28:33.0592|INFO |StateEstimationSimple] reset() called
[19:28:33.0593|INFO |LidarOdometry] Initial re-localization done with pose: (x,y,z,yaw,pitch,roll)=(0.0000,0.0000,0.0000,0.00deg,0.00deg,0.00deg)
[19:28:33.0729|INFO |LidarOdometry] Writing debug traces to: data/attack/campaign/straight/gaussian_s0.10/rep_02/logs/traces_w1_reeval.csv
[19:28:40.6485|WARN |LidarOdometry] Not able to use velocity motion model for this timestep (pathStep=62, timestamp=1970/01/01,00:01:22.000000 UTC)
[19:28:42.8056|WARN |LidarOdometry] Not able to use velocity motion model for this timestep (pathStep=62, timestamp=1970/01/01,00:01:23.900000 UTC)
[19:28:45.0291|WARN |LidarOdometry] Not able to use velocity motion model for this timestep (pathStep=62, timestamp=1970/01/01,00:01:26.000000 UTC)
[19:28:47.1744|WARN |LidarOdometry] Not able to use velocity motion model for this timestep (pathStep=62, timestamp=1970/01/01,00:01:27.900000 UTC)
[19:28:49.2142|WARN |LidarOdometry] Not able to use velocity motion model for this timestep (pathStep=62, timestamp=1970/01/01,00:01:29.800000 UTC)
[19:28:51.3096|WARN |LidarOdometry] Not able to use velocity motion model for this timestep (pathStep=62, timestamp=1970/01/01,00:01:31.800000 UTC)
[INFO] [1790789335.006588652] [rclcpp]: signal_handler(SIGINT/SIGTERM)
[19:28:53.3999|WARN |LidarOdometry] Not able to use velocity motion model for this timestep (pathStep=62, timestamp=1970/01/01,00:01:33.700000 UTC)
