─────────────────────────────────────────────────────────────
  topic LiDAR : /carter/lidar_perturbed
  local map   : 25.0 m
  sigma       : iniziale 0.20, max 0.25
  lidar pose  : (-0.2317, 0, 0.526)
  pipeline    : lidar3d-gicp-optimize-twist-local.yaml
  tracce      : data/attack/campaign/straight/gaussian_s0.10/rep_02/logs/traces_w0_reeval.csv
─────────────────────────────────────────────────────────────
  Controlla che il riquadro all'avvio dica 'with optimize_twist'.

[19:26:50.9221|INFO |MolaLauncherApp] Setting up system from YAML config... (set DEBUG verbosity level to see full config)
[19:26:50.9241|INFO |MolaLauncherApp] Instantiating module `lidar_odom` of type `mola::LidarOdometry`
[19:26:50.9246|INFO |MolaLauncherApp] Instantiating module `state_estimation` of type `mola::state_estimation_simple::StateEstimationSimple`
[19:26:50.9247|INFO |MolaLauncherApp] Instantiating module `ros2_bridge` of type `mola::BridgeROS2`
[19:26:50.9249|INFO |MolaLauncherApp] 
╔═══════════════════════════════════════╦═════════════════════════════════╗
║  Entering main MOLA application loop  ║ > CTRL+C for mola-cli to quit < ║
╚═══════════════════════════════════════╩═════════════════════════════════╝
[19:26:50.9251|WARN |LidarOdometry] Your YAML pipeline references one or more deprecated *_sensor_* names (ESTIMATED_SENSOR_MAX_RANGE, INSTANTANEOUS_SENSOR_MAX_RANGE, max_sensor_range_filter_coefficient, absolute_minimum_sensor_range). They are aliases of ESTIMATED_OBSERVATION_RADIUS, INSTANTANEOUS_OBSERVATION_RADIUS, observation_radius_filter_coefficient, absolute_minimum_observation_radius respectively (all measured from base_link, not from the sensor) and will be removed in a future release. Please rename references in your pipeline files.
[19:26:50.9251|INFO |LidarOdometry] 
┌──────────────────────────────────────────────────────────────┐
│              USING THIS LIDAR-ODOMETRY PIPELINE              │
├──────────────────────────────────────────────────────────────┤
│            GICP with cov-to-cov pairings with optimize_twist │
└──────────────────────────────────────────────────────────────┘
[19:26:50.9339|WARN |LidarOdometry] No YAML entry 'observations_deskew_pass', this filter stage will have no effect.
[19:26:50.9754|INFO |mola::BridgeROS2:ros2_bridge] Subscribing to MOLA localization source module 'mola::LidarOdometry:lidar_odom'
[19:26:50.9754|INFO |mola::BridgeROS2:ros2_bridge] Subscribing to MOLA map source module 'mola::LidarOdometry:lidar_odom'
[19:26:50.9754|INFO |mola::BridgeROS2:ros2_bridge] Subscribing to MOLA relocalization module 'mola::LidarOdometry:lidar_odom'
[19:26:50.9765|INFO |mola::BridgeROS2:ros2_bridge] Subscribing to MOLA map server module 'mola::LidarOdometry:lidar_odom'
[19:26:51.5269|INFO |StateEstimationSimple] reset() called
[19:26:51.5269|INFO |LidarOdometry] Initial re-localization done with pose: (x,y,z,yaw,pitch,roll)=(0.0000,0.0000,0.0000,0.00deg,0.00deg,0.00deg)
[19:26:51.5398|INFO |LidarOdometry] Writing debug traces to: data/attack/campaign/straight/gaussian_s0.10/rep_02/logs/traces_w0_reeval.csv
[19:26:59.1325|WARN |LidarOdometry] Not able to use velocity motion model for this timestep (pathStep=64, timestamp=1970/01/01,00:00:34.800000 UTC)
[19:27:01.2148|WARN |LidarOdometry] Not able to use velocity motion model for this timestep (pathStep=64, timestamp=1970/01/01,00:00:36.700000 UTC)
[19:27:03.3136|WARN |LidarOdometry] Not able to use velocity motion model for this timestep (pathStep=64, timestamp=1970/01/01,00:00:38.500000 UTC)
[19:27:05.3444|WARN |LidarOdometry] Not able to use velocity motion model for this timestep (pathStep=64, timestamp=1970/01/01,00:00:40.300000 UTC)
[19:27:07.3839|WARN |LidarOdometry] Not able to use velocity motion model for this timestep (pathStep=64, timestamp=1970/01/01,00:00:42.200000 UTC)
[19:27:09.4796|WARN |LidarOdometry] Not able to use velocity motion model for this timestep (pathStep=64, timestamp=1970/01/01,00:00:44.100000 UTC)
[INFO] [1790789233.485362831] [rclcpp]: signal_handler(SIGINT/SIGTERM)
[19:27:11.5127|WARN |LidarOdometry] Not able to use velocity motion model for this timestep (pathStep=64, timestamp=1970/01/01,00:00:45.900000 UTC)
