─────────────────────────────────────────────────────────────
  topic LiDAR : /carter/lidar_perturbed
  local map   : 25.0 m
  sigma       : iniziale 0.20, max 0.25
  lidar pose  : (-0.2317, 0, 0.526)
  pipeline    : lidar3d-gicp-optimize-twist-local.yaml
  tracce      : data/attack/campaign/straight/none_g1/rep_06/logs/traces_w2_nominal.csv
─────────────────────────────────────────────────────────────
  Controlla che il riquadro all'avvio dica 'with optimize_twist'.

[18:13:11.8903|INFO |MolaLauncherApp] Setting up system from YAML config... (set DEBUG verbosity level to see full config)
[18:13:11.8924|INFO |MolaLauncherApp] Instantiating module `lidar_odom` of type `mola::LidarOdometry`
[18:13:11.8929|INFO |MolaLauncherApp] Instantiating module `state_estimation` of type `mola::state_estimation_simple::StateEstimationSimple`
[18:13:11.8930|INFO |MolaLauncherApp] Instantiating module `ros2_bridge` of type `mola::BridgeROS2`
[18:13:11.8932|INFO |MolaLauncherApp] 
╔═══════════════════════════════════════╦═════════════════════════════════╗
║  Entering main MOLA application loop  ║ > CTRL+C for mola-cli to quit < ║
╚═══════════════════════════════════════╩═════════════════════════════════╝
[18:13:11.8933|WARN |LidarOdometry] Your YAML pipeline references one or more deprecated *_sensor_* names (ESTIMATED_SENSOR_MAX_RANGE, INSTANTANEOUS_SENSOR_MAX_RANGE, max_sensor_range_filter_coefficient, absolute_minimum_sensor_range). They are aliases of ESTIMATED_OBSERVATION_RADIUS, INSTANTANEOUS_OBSERVATION_RADIUS, observation_radius_filter_coefficient, absolute_minimum_observation_radius respectively (all measured from base_link, not from the sensor) and will be removed in a future release. Please rename references in your pipeline files.
[18:13:11.8934|INFO |LidarOdometry] 
┌──────────────────────────────────────────────────────────────┐
│              USING THIS LIDAR-ODOMETRY PIPELINE              │
├──────────────────────────────────────────────────────────────┤
│            GICP with cov-to-cov pairings with optimize_twist │
└──────────────────────────────────────────────────────────────┘
[18:13:11.9031|WARN |LidarOdometry] No YAML entry 'observations_deskew_pass', this filter stage will have no effect.
[18:13:11.9438|INFO |mola::BridgeROS2:ros2_bridge] Subscribing to MOLA localization source module 'mola::LidarOdometry:lidar_odom'
[18:13:11.9438|INFO |mola::BridgeROS2:ros2_bridge] Subscribing to MOLA map source module 'mola::LidarOdometry:lidar_odom'
[18:13:11.9438|INFO |mola::BridgeROS2:ros2_bridge] Subscribing to MOLA relocalization module 'mola::LidarOdometry:lidar_odom'
[18:13:11.9446|INFO |mola::BridgeROS2:ros2_bridge] Subscribing to MOLA map server module 'mola::LidarOdometry:lidar_odom'
[18:13:12.3063|INFO |StateEstimationSimple] reset() called
[18:13:12.3063|INFO |LidarOdometry] Initial re-localization done with pose: (x,y,z,yaw,pitch,roll)=(0.0000,0.0000,0.0000,0.00deg,0.00deg,0.00deg)
[18:13:12.3185|INFO |LidarOdometry] Writing debug traces to: data/attack/campaign/straight/none_g1/rep_06/logs/traces_w2_nominal.csv
[18:13:13.1177|WARN |LidarOdometry] Not able to use velocity motion model for this timestep (pathStep=6, timestamp=1970/01/01,00:00:28.400000 UTC)
[INFO] [1790784801.644655082] [rclcpp]: signal_handler(SIGINT/SIGTERM)
