[INFO] [1790785706.765799542] [perturbation_node]: [genoma #1 da avvio]  noise 3.21 cm  dropout 9.3%  ghost 1.2%  geom 0.739  edge 0.57  drift 0.28
[INFO] [1790785707.426941656] [perturbation_node]: ================================================================
[INFO] [1790785707.427122852] [perturbation_node]:   PERTURBATION NODE
[INFO] [1790785707.427254376] [perturbation_node]: ================================================================
[INFO] [1790785707.427469284] [perturbation_node]:   in  : /carter/lidar_with_intensity
[INFO] [1790785707.427692498] [perturbation_node]:   out : /carter/lidar_perturbed
[INFO] [1790785707.427903830] [perturbation_node]:   attacco PASSTHROUGH (nuvole invariate)
[INFO] [1790785707.428132534] [perturbation_node]:   latenza minima per scan: 85 ms
[INFO] [1790785732.309862633] [perturbation_node]: [genoma #2 da /attack/genome]  noise 2.50 cm  dropout 7.5%  ghost 1.0%  geom 0.500  edge 0.50  drift 0.50
[INFO] [1790785739.782476571] [perturbation_node]: Attacco ATTIVATO
[INFO] [1790785754.645138561] [perturbation_node]: [genoma #3 da /attack/genome]  noise 2.50 cm  dropout 7.5%  ghost 1.0%  geom 0.500  edge 0.50  drift 0.50
[INFO] [1790785754.847733341] [perturbation_node]: Attacco DISATTIVATO
[INFO] [1790785762.041400822] [perturbation_node]: Attacco ATTIVATO
[INFO] [1790785776.937825317] [perturbation_node]: [genoma #4 da /attack/genome]  noise 2.50 cm  dropout 7.5%  ghost 1.0%  geom 0.500  edge 0.50  drift 0.50
[INFO] [1790785777.138715796] [perturbation_node]: Attacco DISATTIVATO
[INFO] [1790785784.344317367] [perturbation_node]: Attacco ATTIVATO
[INFO] [1790785799.257451324] [perturbation_node]: Attacco DISATTIVATO
[INFO] [1790785821.282663298] [perturbation_node]: [genoma #5 da /attack/genome]  noise 2.50 cm  dropout 7.5%  ghost 1.0%  geom 0.500  edge 0.50  drift 0.50
[INFO] [1790785828.691206054] [perturbation_node]: Attacco ATTIVATO
[INFO] [1790785843.616409457] [perturbation_node]: [genoma #6 da /attack/genome]  noise 2.50 cm  dropout 7.5%  ghost 1.0%  geom 0.500  edge 0.50  drift 0.50
[INFO] [1790785843.820186455] [perturbation_node]: Attacco DISATTIVATO
[INFO] [1790785851.029813827] [perturbation_node]: Attacco ATTIVATO
[INFO] [1790785865.844292719] [perturbation_node]: [genoma #7 da /attack/genome]  noise 2.50 cm  dropout 7.5%  ghost 1.0%  geom 0.500  edge 0.50  drift 0.50
[INFO] [1790785866.047535657] [perturbation_node]: Attacco DISATTIVATO
[INFO] [1790785873.308586977] [perturbation_node]: Attacco ATTIVATO
[INFO] [1790785888.171290930] [perturbation_node]: Attacco DISATTIVATO
[INFO] [1790785910.108271206] [perturbation_node]: [genoma #8 da /attack/genome]  noise 2.50 cm  dropout 7.5%  ghost 1.0%  geom 0.500  edge 0.50  drift 0.50
[INFO] [1790785917.486310323] [perturbation_node]: Attacco ATTIVATO
[INFO] [1790785932.454177713] [perturbation_node]: [genoma #9 da /attack/genome]  noise 2.50 cm  dropout 7.5%  ghost 1.0%  geom 0.500  edge 0.50  drift 0.50
[INFO] [1790785932.657695492] [perturbation_node]: Attacco DISATTIVATO
[INFO] [1790785939.857017190] [perturbation_node]: Attacco ATTIVATO
[INFO] [1790785954.743291365] [perturbation_node]: [genoma #10 da /attack/genome]  noise 2.50 cm  dropout 7.5%  ghost 1.0%  geom 0.500  edge 0.50  drift 0.50
[INFO] [1790785954.948636774] [perturbation_node]: Attacco DISATTIVATO
[INFO] [1790785962.130507348] [perturbation_node]: Attacco ATTIVATO
[INFO] [1790785976.992660878] [perturbation_node]: Attacco DISATTIVATO
[INFO] [1790785999.400259725] [perturbation_node]: [genoma #11 da /attack/genome]  noise 2.50 cm  dropout 7.5%  ghost 1.0%  geom 0.500  edge 0.50  drift 0.50
[INFO] [1790786006.805169998] [perturbation_node]: Attacco ATTIVATO
[INFO] [1790786021.684647044] [perturbation_node]: [genoma #12 da /attack/genome]  noise 2.50 cm  dropout 7.5%  ghost 1.0%  geom 0.500  edge 0.50  drift 0.50
[INFO] [1790786021.888970617] [perturbation_node]: Attacco DISATTIVATO
[INFO] [1790786029.111117224] [perturbation_node]: Attacco ATTIVATO
[INFO] [1790786044.074527111] [perturbation_node]: [genoma #13 da /attack/genome]  noise 2.50 cm  dropout 7.5%  ghost 1.0%  geom 0.500  edge 0.50  drift 0.50
[INFO] [1790786044.277906046] [perturbation_node]: Attacco DISATTIVATO
[INFO] [1790786051.502034836] [perturbation_node]: Attacco ATTIVATO
