======================================================================
  ATTACCO RECEDING-HORIZON
  bersaglio (5.0, 0.0)   orizzonte 1.0 m   4x2 = 8 candidati/finestra
======================================================================
  frame di lavoro: odom di Isaac (/chassis/odom), non la scena; posa nella scena [-5.989 -1.    -0.   ]
  partenza      : [ 0.011  0.    -0.   ]
  waypoint rel  : [(5.0, 0.0)]
  waypoint abs  : [(np.float64(5.011), np.float64(-0.0))]
  distanza      : 5.00 m  ->  5 finestre da 1.00 m (1.0 misurati)
  assestamento  : 2.0s a robot fermo dopo l'avvio di MOLA
  frame/finestra: ~12 a regime (10 Hz a 0.8 m/s = 8 cm fra uno scan e l'altro)
  valutazioni   : 4 individui x 2 generazioni = 8, piu' nominale e applicazione
  stima tempo   : ~1.7 min/finestra, ~8 min totali
  genoma        : gruppo 3, 17 geni attivi su 17 (inattivi a -1)
  tracce        : data/attack/campaign/straight/gaussian_s0.02/rep_03/traces e data/attack/campaign/straight/gaussian_s0.02/rep_03/logs
  seed          : 1003

── finestra 1 (stima 5) ────────────────────────────────────────
  waypoint corrente 1/1 [ 5.011 -0.   ]  distanza al bersaglio finale 5.00 m
  stato salvato in [ 0.011  0.    -0.   ]
  nominale: parte da [ 0.018 -0.    -0.   ] (ripristino 0.7 cm dallo stato salvato)  arriva in [ 1.261 -0.003 -0.002]  percorsi 1.04 m  24 frame  33 pose vere  rotazione -0° (bersaglio a +0°)  rapporto stima/verita' 1.00  [ok]
  — le deviazioni qui sotto sono misurate rispetto a questo punto
    [nota] 2 publisher su /lidar_odometry/pose nel grafo (1 processi mola-cli): voce stantia, si prosegue perche' la posa arriva
    gen1 #00  rst  0.7  end   0.0 mean   0.0 max   0.0  dir   +0.0  dmg    0.0 cm   pert    3.59 cm   1.04 m   24f  rapp 1.01  [ok]

  FRONTE DI PARETO: 1 soluzioni non dominate su 1 valutate (1 valide)
    danno    0.01 cm   pert    3.589 cm   rapporto   0.00 <- scelto

  Genoma scelto (tutti i 17 geni decodificati):
      cluster_direction          [+0.000, +0.000, +0.000]
      cluster_strength           +0.5000
      curvature_strength         +0.5000
      dropout_rate               +0.0150
      edge_attack_strength       +0.5000
      geometric_distortion       +0.5000
      ghost_ratio                +0.0100
      noise_direction            [+0.000, +0.000, +0.000]
      noise_intensity            +0.0250
      scanline_strength          +0.5000
      spatial_correlation        +0.5000
      strategic_ghost            +0.5000
      temporal_drift_strength    +0.5000
    [nota] 2 publisher su /lidar_odometry/pose nel grafo (1 processi mola-cli): voce stantia, si prosegue perche' la posa arriva
  rivalutazione: danno 0.0 cm (in ricerca 0.0)  pert 3.88  [ok]
    [nota] 2 publisher su /lidar_odometry/pose nel grafo (1 processi mola-cli): voce stantia, si prosegue perche' la posa arriva

  APPLICATO: il robot e' in [ 1.261 -0.003 -0.002]
  percorsi 1.04 m su 24 frame perturbati
  deviazione reale dal nominale: fine 0.0  media 0.0  max 0.0 cm   danno 0.0 cm (in valutazione era 0.0 cm)   [ok]
  tempo finestra: 1.5 min

── finestra 2 (stima 5) ────────────────────────────────────────
  waypoint corrente 1/1 [ 5.011 -0.   ]  distanza al bersaglio finale 3.75 m
  stato salvato in [ 1.261 -0.003 -0.002]
    [nota] 2 publisher su /lidar_odometry/pose nel grafo (1 processi mola-cli): voce stantia, si prosegue perche' la posa arriva
  nominale: parte da [ 1.268e+00 -3.000e-03 -1.000e-03] (ripristino 0.7 cm dallo stato salvato)  arriva in [ 2.51e+00 -4.00e-03  2.00e-03]  percorsi 1.04 m  22 frame  31 pose vere  rotazione +0° (bersaglio a +0°)  rapporto stima/verita' 0.99  [ok]
  — le deviazioni qui sotto sono misurate rispetto a questo punto
    [nota] 2 publisher su /lidar_odometry/pose nel grafo (1 processi mola-cli): voce stantia, si prosegue perche' la posa arriva
    gen1 #00  rst  0.7  end   0.1 mean   0.0 max   0.1  dir   -0.0  dmg    0.0 cm   pert    4.03 cm   1.04 m   25f  rapp 1.00  [ok]

  FRONTE DI PARETO: 1 soluzioni non dominate su 1 valutate (1 valide)
    danno    0.03 cm   pert    4.028 cm   rapporto   0.01 <- scelto

  Genoma scelto (tutti i 17 geni decodificati):
      cluster_direction          [+0.000, +0.000, +0.000]
      cluster_strength           +0.5000
      curvature_strength         +0.5000
      dropout_rate               +0.0150
      edge_attack_strength       +0.5000
      geometric_distortion       +0.5000
      ghost_ratio                +0.0100
      noise_direction            [+0.000, +0.000, +0.000]
      noise_intensity            +0.0250
      scanline_strength          +0.5000
      spatial_correlation        +0.5000
      strategic_ghost            +0.5000
      temporal_drift_strength    +0.5000
    [nota] 2 publisher su /lidar_odometry/pose nel grafo (1 processi mola-cli): voce stantia, si prosegue perche' la posa arriva
  rivalutazione: danno 2.7 cm (in ricerca 0.0)  pert 4.02  [ok]
    [nota] 2 publisher su /lidar_odometry/pose nel grafo (1 processi mola-cli): voce stantia, si prosegue perche' la posa arriva

  APPLICATO: il robot e' in [ 2.511e+00 -4.000e-03  2.000e-03]
  percorsi 1.04 m su 26 frame perturbati
  deviazione reale dal nominale: fine 0.1  media 0.1  max 0.1 cm   danno 0.1 cm (in valutazione era 0.0 cm)   [ok]
  tempo finestra: 1.5 min

── finestra 3 (stima 5) ────────────────────────────────────────
  waypoint corrente 1/1 [ 5.011 -0.   ]  distanza al bersaglio finale 2.50 m
  stato salvato in [ 2.511e+00 -4.000e-03  2.000e-03]
    [nota] 2 publisher su /lidar_odometry/pose nel grafo (1 processi mola-cli): voce stantia, si prosegue perche' la posa arriva
  nominale: parte da [ 2.518e+00 -4.000e-03  2.000e-03] (ripristino 0.7 cm dallo stato salvato)  arriva in [ 3.734e+00 -3.000e-03  1.000e-03]  percorsi 1.01 m  24 frame  32 pose vere  rotazione -0° (bersaglio a -0°)  rapporto stima/verita' 1.00  [ok]
  — le deviazioni qui sotto sono misurate rispetto a questo punto
    [nota] 2 publisher su /lidar_odometry/pose nel grafo (1 processi mola-cli): voce stantia, si prosegue perche' la posa arriva
    gen1 #00  rst  0.7  end   2.7 mean   0.1 max   2.7  dir   -2.7  dmg    0.1 cm   pert    4.09 cm   1.04 m   25f  rapp 1.00  [ok]

  FRONTE DI PARETO: 1 soluzioni non dominate su 1 valutate (1 valide)
    danno    0.13 cm   pert    4.091 cm   rapporto   0.03 <- scelto

  Genoma scelto (tutti i 17 geni decodificati):
      cluster_direction          [+0.000, +0.000, +0.000]
      cluster_strength           +0.5000
      curvature_strength         +0.5000
      dropout_rate               +0.0150
      edge_attack_strength       +0.5000
      geometric_distortion       +0.5000
      ghost_ratio                +0.0100
      noise_direction            [+0.000, +0.000, +0.000]
      noise_intensity            +0.0250
      scanline_strength          +0.5000
      spatial_correlation        +0.5000
      strategic_ghost            +0.5000
      temporal_drift_strength    +0.5000
    [nota] 2 publisher su /lidar_odometry/pose nel grafo (1 processi mola-cli): voce stantia, si prosegue perche' la posa arriva
  rivalutazione: danno 0.1 cm (in ricerca 0.1)  pert 4.09  [ok]
    [nota] 2 publisher su /lidar_odometry/pose nel grafo (1 processi mola-cli): voce stantia, si prosegue perche' la posa arriva

  APPLICATO: il robot e' in [ 3.761e+00 -3.000e-03  0.000e+00]
  percorsi 1.04 m su 23 frame perturbati
  deviazione reale dal nominale: fine 2.7  media 0.1  max 2.7 cm   danno 0.1 cm (in valutazione era 0.1 cm)   [ok]
  tempo finestra: 1.5 min

── finestra 4 (stima 5) ────────────────────────────────────────
  waypoint corrente 1/1 [ 5.011 -0.   ]  distanza al bersaglio finale 1.25 m
  stato salvato in [ 3.761e+00 -3.000e-03  0.000e+00]
    [nota] 2 publisher su /lidar_odometry/pose nel grafo (1 processi mola-cli): voce stantia, si prosegue perche' la posa arriva
  nominale: parte da [ 3.768e+00 -3.000e-03  1.000e-03] (ripristino 0.7 cm dallo stato salvato)  arriva in [ 4.802e+00 -2.000e-03  4.000e-03]  percorsi 1.00 m  28 frame  39 pose vere  rotazione +0° (bersaglio a +0°)  rapporto stima/verita' 1.00  [ok]
  — le deviazioni qui sotto sono misurate rispetto a questo punto
    [nota] 2 publisher su /lidar_odometry/pose nel grafo (1 processi mola-cli): voce stantia, si prosegue perche' la posa arriva
    gen1 #00  rst  0.7  end   0.5 mean   0.0 max   0.5  dir   +0.5  dmg    0.5 cm   pert    3.82 cm   0.98 m   27f  rapp 1.00  [arrived]

  FRONTE DI PARETO: 1 soluzioni non dominate su 1 valutate (1 valide)
    danno    0.55 cm   pert    3.824 cm   rapporto   0.14 <- scelto

  Genoma scelto (tutti i 17 geni decodificati):
      cluster_direction          [+0.000, +0.000, +0.000]
      cluster_strength           +0.5000
      curvature_strength         +0.5000
      dropout_rate               +0.0150
      edge_attack_strength       +0.5000
      geometric_distortion       +0.5000
      ghost_ratio                +0.0100
      noise_direction            [+0.000, +0.000, +0.000]
      noise_intensity            +0.0250
      scanline_strength          +0.5000
      spatial_correlation        +0.5000
      strategic_ghost            +0.5000
      temporal_drift_strength    +0.5000
    [nota] 2 publisher su /lidar_odometry/pose nel grafo (1 processi mola-cli): voce stantia, si prosegue perche' la posa arriva
  rivalutazione: danno 0.0 cm (in ricerca 0.5)  pert 3.86  [arrived]
    [nota] 2 publisher su /lidar_odometry/pose nel grafo (1 processi mola-cli): voce stantia, si prosegue perche' la posa arriva

  APPLICATO: il robot e' in [4.81  0.    0.009]
  percorsi 1.01 m su 29 frame perturbati
  deviazione reale dal nominale: fine 0.8  media 0.1  max 0.8 cm   danno 0.1 cm (in valutazione era 0.5 cm)   [ok]
  tempo finestra: 1.5 min

  bersaglio finale raggiunto (0.20 m): fine del task

Storico: data/attack/campaign/straight/gaussian_s0.02/rep_03/history.json
