======================================================================
  ATTACCO RECEDING-HORIZON
  bersaglio (5.0, 0.0)   orizzonte 1.0 m   4x2 = 8 candidati/finestra
======================================================================
  frame di lavoro: odom di Isaac (/chassis/odom), non la scena; posa nella scena [-5.989 -1.    -0.   ]
  partenza      : [ 0.011  0.    -0.   ]
  waypoint rel  : [(5.0, 0.0)]
  waypoint abs  : [(np.float64(5.011), np.float64(-0.0))]
  distanza      : 5.00 m  ->  5 finestre da 1.00 m (1.0 misurati)
  assestamento  : 2.0s a robot fermo dopo l'avvio di MOLA
  frame/finestra: ~12 a regime (10 Hz a 0.8 m/s = 8 cm fra uno scan e l'altro)
  valutazioni   : 4 individui x 2 generazioni = 8, piu' nominale e applicazione
  stima tempo   : ~1.7 min/finestra, ~8 min totali
  genoma        : gruppo 3, 17 geni attivi su 17 (inattivi a -1)
  tracce        : data/attack/campaign/straight/gaussian_s0.02/rep_02/traces e data/attack/campaign/straight/gaussian_s0.02/rep_02/logs
  seed          : 1002

── finestra 1 (stima 5) ────────────────────────────────────────
  waypoint corrente 1/1 [ 5.011 -0.   ]  distanza al bersaglio finale 5.00 m
  stato salvato in [ 0.011  0.    -0.   ]
  nominale: parte da [ 0.018  0.    -0.   ] (ripristino 0.7 cm dallo stato salvato)  arriva in [ 1.261 -0.003 -0.002]  percorsi 1.04 m  24 frame  33 pose vere  rotazione -0° (bersaglio a +0°)  rapporto stima/verita' 1.00  [ok]
  — le deviazioni qui sotto sono misurate rispetto a questo punto
    [nota] 2 publisher su /lidar_odometry/pose nel grafo (1 processi mola-cli): voce stantia, si prosegue perche' la posa arriva
    gen1 #00  rst  0.7  end   0.0 mean   0.0 max   0.0  dir   -0.0  dmg    0.0 cm   pert    3.88 cm   1.04 m   25f  rapp 1.00  [ok]

  FRONTE DI PARETO: 1 soluzioni non dominate su 1 valutate (1 valide)
    danno    0.01 cm   pert    3.880 cm   rapporto   0.00 <- scelto

  Genoma scelto (tutti i 17 geni decodificati):
      cluster_direction          [+0.000, +0.000, +0.000]
      cluster_strength           +0.5000
      curvature_strength         +0.5000
      dropout_rate               +0.0150
      edge_attack_strength       +0.5000
      geometric_distortion       +0.5000
      ghost_ratio                +0.0100
      noise_direction            [+0.000, +0.000, +0.000]
      noise_intensity            +0.0250
      scanline_strength          +0.5000
      spatial_correlation        +0.5000
      strategic_ghost            +0.5000
      temporal_drift_strength    +0.5000
    [nota] 2 publisher su /lidar_odometry/pose nel grafo (1 processi mola-cli): voce stantia, si prosegue perche' la posa arriva
  rivalutazione: danno 0.0 cm (in ricerca 0.0)  pert 3.88  [ok]
    [nota] 2 publisher su /lidar_odometry/pose nel grafo (1 processi mola-cli): voce stantia, si prosegue perche' la posa arriva

  APPLICATO: il robot e' in [ 1.234e+00 -3.000e-03 -1.000e-03]
  percorsi 1.01 m su 24 frame perturbati
  deviazione reale dal nominale: fine 2.6  media 0.1  max 2.6 cm   danno 2.8 cm (in valutazione era 0.0 cm)   [ok]
  tempo finestra: 1.5 min

── finestra 2 (stima 5) ────────────────────────────────────────
  waypoint corrente 1/1 [ 5.011 -0.   ]  distanza al bersaglio finale 3.78 m
  stato salvato in [ 1.234e+00 -3.000e-03 -1.000e-03]
    [nota] 2 publisher su /lidar_odometry/pose nel grafo (1 processi mola-cli): voce stantia, si prosegue perche' la posa arriva
  nominale: parte da [ 1.242e+00 -3.000e-03 -1.000e-03] (ripristino 0.7 cm dallo stato salvato)  arriva in [ 2.457e+00 -4.000e-03  1.000e-03]  percorsi 1.01 m  24 frame  32 pose vere  rotazione +0° (bersaglio a +0°)  rapporto stima/verita' 1.00  [ok]
  — le deviazioni qui sotto sono misurate rispetto a questo punto
    [nota] 2 publisher su /lidar_odometry/pose nel grafo (1 processi mola-cli): voce stantia, si prosegue perche' la posa arriva
    gen1 #00  rst  0.7  end   0.0 mean   0.0 max   0.0  dir   +0.0  dmg    0.0 cm   pert    3.72 cm   1.01 m   24f  rapp 1.00  [ok]

  FRONTE DI PARETO: 1 soluzioni non dominate su 1 valutate (1 valide)
    danno    0.01 cm   pert    3.718 cm   rapporto   0.00 <- scelto

  Genoma scelto (tutti i 17 geni decodificati):
      cluster_direction          [+0.000, +0.000, +0.000]
      cluster_strength           +0.5000
      curvature_strength         +0.5000
      dropout_rate               +0.0150
      edge_attack_strength       +0.5000
      geometric_distortion       +0.5000
      ghost_ratio                +0.0100
      noise_direction            [+0.000, +0.000, +0.000]
      noise_intensity            +0.0250
      scanline_strength          +0.5000
      spatial_correlation        +0.5000
      strategic_ghost            +0.5000
      temporal_drift_strength    +0.5000
    [nota] 2 publisher su /lidar_odometry/pose nel grafo (1 processi mola-cli): voce stantia, si prosegue perche' la posa arriva
  rivalutazione: danno 0.0 cm (in ricerca 0.0)  pert 3.71  [ok]
    [nota] 2 publisher su /lidar_odometry/pose nel grafo (1 processi mola-cli): voce stantia, si prosegue perche' la posa arriva

  APPLICATO: il robot e' in [ 2.458e+00 -3.000e-03  2.000e-03]
  percorsi 1.01 m su 24 frame perturbati
  deviazione reale dal nominale: fine 0.1  media 0.0  max 0.1 cm   danno 0.0 cm (in valutazione era 0.0 cm)   [ok]
  tempo finestra: 1.5 min

── finestra 3 (stima 5) ────────────────────────────────────────
  waypoint corrente 1/1 [ 5.011 -0.   ]  distanza al bersaglio finale 2.55 m
  stato salvato in [ 2.458e+00 -3.000e-03  2.000e-03]
    [nota] 2 publisher su /lidar_odometry/pose nel grafo (1 processi mola-cli): voce stantia, si prosegue perche' la posa arriva
  nominale: parte da [ 2.465e+00 -3.000e-03  2.000e-03] (ripristino 0.7 cm dallo stato salvato)  arriva in [ 3.708e+00 -3.000e-03  0.000e+00]  percorsi 1.04 m  24 frame  33 pose vere  rotazione -0° (bersaglio a -0°)  rapporto stima/verita' 1.00  [ok]
  — le deviazioni qui sotto sono misurate rispetto a questo punto
    [nota] 2 publisher su /lidar_odometry/pose nel grafo (1 processi mola-cli): voce stantia, si prosegue perche' la posa arriva
    gen1 #00  rst  0.7  end   0.0 mean   0.0 max   0.1  dir   -0.0  dmg    0.0 cm   pert    4.09 cm   1.04 m   25f  rapp 1.00  [ok]

  FRONTE DI PARETO: 1 soluzioni non dominate su 1 valutate (1 valide)
    danno    0.03 cm   pert    4.090 cm   rapporto   0.01 <- scelto

  Genoma scelto (tutti i 17 geni decodificati):
      cluster_direction          [+0.000, +0.000, +0.000]
      cluster_strength           +0.5000
      curvature_strength         +0.5000
      dropout_rate               +0.0150
      edge_attack_strength       +0.5000
      geometric_distortion       +0.5000
      ghost_ratio                +0.0100
      noise_direction            [+0.000, +0.000, +0.000]
      noise_intensity            +0.0250
      scanline_strength          +0.5000
      spatial_correlation        +0.5000
      strategic_ghost            +0.5000
      temporal_drift_strength    +0.5000
    [nota] 2 publisher su /lidar_odometry/pose nel grafo (1 processi mola-cli): voce stantia, si prosegue perche' la posa arriva
  rivalutazione: danno 0.0 cm (in ricerca 0.0)  pert 3.80  [ok]
    [nota] 2 publisher su /lidar_odometry/pose nel grafo (1 processi mola-cli): voce stantia, si prosegue perche' la posa arriva

  APPLICATO: il robot e' in [ 3.681e+00 -2.000e-03  0.000e+00]
  percorsi 1.01 m su 23 frame perturbati
  deviazione reale dal nominale: fine 2.7  media 0.1  max 2.7 cm   danno 2.8 cm (in valutazione era 0.0 cm)   [ok]
  tempo finestra: 1.5 min

── finestra 4 (stima 5) ────────────────────────────────────────
  waypoint corrente 1/1 [ 5.011 -0.   ]  distanza al bersaglio finale 1.33 m
  stato salvato in [ 3.681e+00 -2.000e-03  0.000e+00]
    [nota] 2 publisher su /lidar_odometry/pose nel grafo (1 processi mola-cli): voce stantia, si prosegue perche' la posa arriva
  nominale: parte da [ 3.688e+00 -2.000e-03  0.000e+00] (ripristino 0.8 cm dallo stato salvato)  arriva in [ 4.742e+00 -2.000e-03  3.000e-03]  percorsi 1.01 m  27 frame  37 pose vere  rotazione +0° (bersaglio a +0°)  rapporto stima/verita' 1.00  [ok]
  — le deviazioni qui sotto sono misurate rispetto a questo punto
    [nota] 2 publisher su /lidar_odometry/pose nel grafo (1 processi mola-cli): voce stantia, si prosegue perche' la posa arriva
    gen1 #00  rst  0.7  end   0.4 mean   0.0 max   0.4  dir   -0.4  dmg    0.0 cm   pert    3.84 cm   1.01 m   27f  rapp 1.00  [ok]

  FRONTE DI PARETO: 1 soluzioni non dominate su 1 valutate (1 valide)
    danno    0.03 cm   pert    3.843 cm   rapporto   0.01 <- scelto

  Genoma scelto (tutti i 17 geni decodificati):
      cluster_direction          [+0.000, +0.000, +0.000]
      cluster_strength           +0.5000
      curvature_strength         +0.5000
      dropout_rate               +0.0150
      edge_attack_strength       +0.5000
      geometric_distortion       +0.5000
      ghost_ratio                +0.0100
      noise_direction            [+0.000, +0.000, +0.000]
      noise_intensity            +0.0250
      scanline_strength          +0.5000
      spatial_correlation        +0.5000
      strategic_ghost            +0.5000
      temporal_drift_strength    +0.5000
    [nota] 2 publisher su /lidar_odometry/pose nel grafo (1 processi mola-cli): voce stantia, si prosegue perche' la posa arriva
  rivalutazione: danno 0.0 cm (in ricerca 0.0)  pert 4.11  [ok]
    [nota] 2 publisher su /lidar_odometry/pose nel grafo (1 processi mola-cli): voce stantia, si prosegue perche' la posa arriva

  APPLICATO: il robot e' in [ 4.745e+00 -2.000e-03  5.000e-03]
  percorsi 1.01 m su 25 frame perturbati
  deviazione reale dal nominale: fine 0.2  media 0.0  max 0.2 cm   danno 0.0 cm (in valutazione era 0.0 cm)   [ok]
  tempo finestra: 1.5 min

  bersaglio finale raggiunto (0.27 m): fine del task

Storico: data/attack/campaign/straight/gaussian_s0.02/rep_02/history.json
