─────────────────────────────────────────────────────────────
  topic LiDAR : /carter/lidar_perturbed
  local map   : 25.0 m
  sigma       : iniziale 0.20, max 0.25
  lidar pose  : (-0.2317, 0, 0.526)
  pipeline    : lidar3d-gicp-optimize-twist-local.yaml
  tracce      : data/attack/campaign/straight/gaussian_s0.05/rep_01/logs/traces_w1_reeval.csv
─────────────────────────────────────────────────────────────
  Controlla che il riquadro all'avvio dica 'with optimize_twist'.

[19:02:45.0378|INFO |MolaLauncherApp] Setting up system from YAML config... (set DEBUG verbosity level to see full config)
[19:02:45.0399|INFO |MolaLauncherApp] Instantiating module `lidar_odom` of type `mola::LidarOdometry`
[19:02:45.0404|INFO |MolaLauncherApp] Instantiating module `state_estimation` of type `mola::state_estimation_simple::StateEstimationSimple`
[19:02:45.0405|INFO |MolaLauncherApp] Instantiating module `ros2_bridge` of type `mola::BridgeROS2`
[19:02:45.0407|INFO |MolaLauncherApp] 
╔═══════════════════════════════════════╦═════════════════════════════════╗
║  Entering main MOLA application loop  ║ > CTRL+C for mola-cli to quit < ║
╚═══════════════════════════════════════╩═════════════════════════════════╝
[19:02:45.0409|WARN |LidarOdometry] Your YAML pipeline references one or more deprecated *_sensor_* names (ESTIMATED_SENSOR_MAX_RANGE, INSTANTANEOUS_SENSOR_MAX_RANGE, max_sensor_range_filter_coefficient, absolute_minimum_sensor_range). They are aliases of ESTIMATED_OBSERVATION_RADIUS, INSTANTANEOUS_OBSERVATION_RADIUS, observation_radius_filter_coefficient, absolute_minimum_observation_radius respectively (all measured from base_link, not from the sensor) and will be removed in a future release. Please rename references in your pipeline files.
[19:02:45.0409|INFO |LidarOdometry] 
┌──────────────────────────────────────────────────────────────┐
│              USING THIS LIDAR-ODOMETRY PIPELINE              │
├──────────────────────────────────────────────────────────────┤
│            GICP with cov-to-cov pairings with optimize_twist │
└──────────────────────────────────────────────────────────────┘
[19:02:45.0499|WARN |LidarOdometry] No YAML entry 'observations_deskew_pass', this filter stage will have no effect.
[19:02:45.0910|INFO |mola::BridgeROS2:ros2_bridge] Subscribing to MOLA localization source module 'mola::LidarOdometry:lidar_odom'
[19:02:45.0911|INFO |mola::BridgeROS2:ros2_bridge] Subscribing to MOLA map source module 'mola::LidarOdometry:lidar_odom'
[19:02:45.0911|INFO |mola::BridgeROS2:ros2_bridge] Subscribing to MOLA relocalization module 'mola::LidarOdometry:lidar_odom'
[19:02:45.0921|INFO |mola::BridgeROS2:ros2_bridge] Subscribing to MOLA map server module 'mola::LidarOdometry:lidar_odom'
[19:02:45.6694|INFO |StateEstimationSimple] reset() called
[19:02:45.6694|INFO |LidarOdometry] Initial re-localization done with pose: (x,y,z,yaw,pitch,roll)=(0.0000,0.0000,0.0000,0.00deg,0.00deg,0.00deg)
[19:02:45.6824|INFO |LidarOdometry] Writing debug traces to: data/attack/campaign/straight/gaussian_s0.05/rep_01/logs/traces_w1_reeval.csv
[19:02:46.5509|WARN |LidarOdometry] Not able to use velocity motion model for this timestep (pathStep=6, timestamp=1970/01/01,00:01:03.100000 UTC)
[INFO] [1790787775.084646271] [rclcpp]: signal_handler(SIGINT/SIGTERM)
