─────────────────────────────────────────────────────────────
  topic LiDAR : /carter/lidar_perturbed
  local map   : 25.0 m
  sigma       : iniziale 0.20, max 0.25
  lidar pose  : (-0.2317, 0, 0.526)
  pipeline    : lidar3d-gicp-optimize-twist-local.yaml
  tracce      : data/attack/campaign/straight/nsga3_g3/rep_01/logs/traces_w0_nominal.csv
─────────────────────────────────────────────────────────────
  Controlla che il riquadro all'avvio dica 'with optimize_twist'.

[16:05:07.8562|INFO |MolaLauncherApp] Setting up system from YAML config... (set DEBUG verbosity level to see full config)
[16:05:07.8590|INFO |MolaLauncherApp] Instantiating module `lidar_odom` of type `mola::LidarOdometry`
[16:05:07.8596|INFO |MolaLauncherApp] Instantiating module `state_estimation` of type `mola::state_estimation_simple::StateEstimationSimple`
[16:05:07.8597|INFO |MolaLauncherApp] Instantiating module `ros2_bridge` of type `mola::BridgeROS2`
[16:05:07.8599|INFO |MolaLauncherApp] 
╔═══════════════════════════════════════╦═════════════════════════════════╗
║  Entering main MOLA application loop  ║ > CTRL+C for mola-cli to quit < ║
╚═══════════════════════════════════════╩═════════════════════════════════╝
[16:05:07.8601|WARN |LidarOdometry] Your YAML pipeline references one or more deprecated *_sensor_* names (ESTIMATED_SENSOR_MAX_RANGE, INSTANTANEOUS_SENSOR_MAX_RANGE, max_sensor_range_filter_coefficient, absolute_minimum_sensor_range). They are aliases of ESTIMATED_OBSERVATION_RADIUS, INSTANTANEOUS_OBSERVATION_RADIUS, observation_radius_filter_coefficient, absolute_minimum_observation_radius respectively (all measured from base_link, not from the sensor) and will be removed in a future release. Please rename references in your pipeline files.
[16:05:07.8601|INFO |LidarOdometry] 
┌──────────────────────────────────────────────────────────────┐
│              USING THIS LIDAR-ODOMETRY PIPELINE              │
├──────────────────────────────────────────────────────────────┤
│            GICP with cov-to-cov pairings with optimize_twist │
└──────────────────────────────────────────────────────────────┘
[16:05:07.8683|WARN |LidarOdometry] No YAML entry 'observations_deskew_pass', this filter stage will have no effect.
[16:05:07.9102|INFO |mola::BridgeROS2:ros2_bridge] Subscribing to MOLA localization source module 'mola::LidarOdometry:lidar_odom'
[16:05:07.9102|INFO |mola::BridgeROS2:ros2_bridge] Subscribing to MOLA map source module 'mola::LidarOdometry:lidar_odom'
[16:05:07.9102|INFO |mola::BridgeROS2:ros2_bridge] Subscribing to MOLA relocalization module 'mola::LidarOdometry:lidar_odom'
[16:05:07.9107|INFO |mola::BridgeROS2:ros2_bridge] Subscribing to MOLA map server module 'mola::LidarOdometry:lidar_odom'
[16:05:10.1257|INFO |StateEstimationSimple] reset() called
[16:05:10.1257|INFO |LidarOdometry] Initial re-localization done with pose: (x,y,z,yaw,pitch,roll)=(0.0000,0.0000,0.0000,0.00deg,0.00deg,0.00deg)
[16:05:10.1387|INFO |LidarOdometry] Writing debug traces to: data/attack/campaign/straight/nsga3_g3/rep_01/logs/traces_w0_nominal.csv
[INFO] [1790777117.786222308] [rclcpp]: signal_handler(SIGINT/SIGTERM)
