[INFO] [1790789583.543243877] [perturbation_node]: [genoma #1 da avvio]  noise 1.77 cm  dropout 4.5%  ghost 0.7%  geom 0.453  edge 0.56  drift 0.39
[INFO] [1790789583.546179871] [perturbation_node]: ================================================================
[INFO] [1790789583.546329286] [perturbation_node]:   PERTURBATION NODE
[INFO] [1790789583.546456400] [perturbation_node]: ================================================================
[INFO] [1790789583.546584255] [perturbation_node]:   in  : /carter/lidar_with_intensity
[INFO] [1790789583.546715707] [perturbation_node]:   out : /carter/lidar_perturbed
[INFO] [1790789583.546848982] [perturbation_node]:   attacco PASSTHROUGH (nuvole invariate)
[INFO] [1790789583.546993839] [perturbation_node]:   latenza minima per scan: 85 ms
[INFO] [1790789610.704008024] [perturbation_node]: [genoma #2 da /attack/genome]  noise 2.50 cm  dropout 7.5%  ghost 1.0%  geom 0.500  edge 0.50  drift 0.50
[INFO] [1790789618.068075356] [perturbation_node]: Attacco ATTIVATO
[INFO] [1790789632.886700227] [perturbation_node]: [genoma #3 da /attack/genome]  noise 2.50 cm  dropout 7.5%  ghost 1.0%  geom 0.500  edge 0.50  drift 0.50
[INFO] [1790789633.088288943] [perturbation_node]: Attacco DISATTIVATO
[INFO] [1790789640.374462996] [perturbation_node]: Attacco ATTIVATO
[INFO] [1790789655.434352020] [perturbation_node]: [genoma #4 da /attack/genome]  noise 2.50 cm  dropout 7.5%  ghost 1.0%  geom 0.500  edge 0.50  drift 0.50
[INFO] [1790789655.638121882] [perturbation_node]: Attacco DISATTIVATO
[INFO] [1790789662.888180506] [perturbation_node]: Attacco ATTIVATO
[INFO] [1790789677.807183914] [perturbation_node]: Attacco DISATTIVATO
[INFO] [1790789699.784027908] [perturbation_node]: [genoma #5 da /attack/genome]  noise 2.50 cm  dropout 7.5%  ghost 1.0%  geom 0.500  edge 0.50  drift 0.50
[INFO] [1790789707.181834544] [perturbation_node]: Attacco ATTIVATO
[INFO] [1790789721.997667597] [perturbation_node]: [genoma #6 da /attack/genome]  noise 2.50 cm  dropout 7.5%  ghost 1.0%  geom 0.500  edge 0.50  drift 0.50
[INFO] [1790789722.207722496] [perturbation_node]: Attacco DISATTIVATO
[INFO] [1790789729.552194735] [perturbation_node]: Attacco ATTIVATO
[INFO] [1790789756.873527543] [perturbation_node]: [genoma #7 da /attack/genome]  noise 2.50 cm  dropout 7.5%  ghost 1.0%  geom 0.500  edge 0.50  drift 0.50
[INFO] [1790789757.078223855] [perturbation_node]: Attacco DISATTIVATO
[INFO] [1790789764.274579594] [perturbation_node]: Attacco ATTIVATO
[INFO] [1790789779.368081605] [perturbation_node]: Attacco DISATTIVATO
[INFO] [1790789801.296467677] [perturbation_node]: [genoma #8 da /attack/genome]  noise 2.50 cm  dropout 7.5%  ghost 1.0%  geom 0.500  edge 0.50  drift 0.50
[INFO] [1790789808.795965559] [perturbation_node]: Attacco ATTIVATO
[INFO] [1790789823.705001620] [perturbation_node]: [genoma #9 da /attack/genome]  noise 2.50 cm  dropout 7.5%  ghost 1.0%  geom 0.500  edge 0.50  drift 0.50
[INFO] [1790789823.908668720] [perturbation_node]: Attacco DISATTIVATO
[INFO] [1790789831.118781524] [perturbation_node]: Attacco ATTIVATO
[INFO] [1790789845.887926406] [perturbation_node]: [genoma #10 da /attack/genome]  noise 2.50 cm  dropout 7.5%  ghost 1.0%  geom 0.500  edge 0.50  drift 0.50
[INFO] [1790789846.088347452] [perturbation_node]: Attacco DISATTIVATO
[INFO] [1790789853.290881755] [perturbation_node]: Attacco ATTIVATO
[INFO] [1790789868.113890770] [perturbation_node]: Attacco DISATTIVATO
[INFO] [1790789890.312697537] [perturbation_node]: [genoma #11 da /attack/genome]  noise 2.50 cm  dropout 7.5%  ghost 1.0%  geom 0.500  edge 0.50  drift 0.50
[INFO] [1790789897.723172527] [perturbation_node]: Attacco ATTIVATO
[INFO] [1790789912.893557876] [perturbation_node]: [genoma #12 da /attack/genome]  noise 2.50 cm  dropout 7.5%  ghost 1.0%  geom 0.500  edge 0.50  drift 0.50
[INFO] [1790789913.098426653] [perturbation_node]: Attacco DISATTIVATO
[INFO] [1790789920.306551153] [perturbation_node]: Attacco ATTIVATO
[INFO] [1790789935.343821746] [perturbation_node]: [genoma #13 da /attack/genome]  noise 2.50 cm  dropout 7.5%  ghost 1.0%  geom 0.500  edge 0.50  drift 0.50
[INFO] [1790789935.546687533] [perturbation_node]: Attacco DISATTIVATO
[INFO] [1790789942.895629558] [perturbation_node]: Attacco ATTIVATO
