[21:02:11.3472|INFO |MolaLauncherApp] Setting up system from YAML config... (set DEBUG verbosity level to see full config)
[21:02:11.3495|INFO |MolaLauncherApp] Instantiating module `lidar_odom` of type `mola::LidarOdometry`
[21:02:11.3503|INFO |MolaLauncherApp] Instantiating module `state_estimation` of type `mola::state_estimation_simple::StateEstimationSimple`
[21:02:11.3504|INFO |MolaLauncherApp] Instantiating module `ros2_bridge` of type `mola::BridgeROS2`
[21:02:11.3509|INFO |MolaLauncherApp] 
╔═══════════════════════════════════════╦═════════════════════════════════╗
║  Entering main MOLA application loop  ║ > CTRL+C for mola-cli to quit < ║
╚═══════════════════════════════════════╩═════════════════════════════════╝
[21:02:11.3512|WARN |LidarOdometry] Your YAML pipeline references one or more deprecated *_sensor_* names (ESTIMATED_SENSOR_MAX_RANGE, INSTANTANEOUS_SENSOR_MAX_RANGE, max_sensor_range_filter_coefficient, absolute_minimum_sensor_range). They are aliases of ESTIMATED_OBSERVATION_RADIUS, INSTANTANEOUS_OBSERVATION_RADIUS, observation_radius_filter_coefficient, absolute_minimum_observation_radius respectively (all measured from base_link, not from the sensor) and will be removed in a future release. Please rename references in your pipeline files.
[21:02:11.3514|INFO |LidarOdometry] 
┌──────────────────────────────────────────────────────────────┐
│              USING THIS LIDAR-ODOMETRY PIPELINE              │
├──────────────────────────────────────────────────────────────┤
│            GICP with cov-to-cov pairings with optimize_twist │
└──────────────────────────────────────────────────────────────┘
[21:02:11.3634|WARN |LidarOdometry] No YAML entry 'observations_deskew_pass', this filter stage will have no effect.
[21:02:11.4014|INFO |mola::BridgeROS2:ros2_bridge] Subscribing to MOLA localization source module 'mola::LidarOdometry:lidar_odom'
[21:02:11.4014|INFO |mola::BridgeROS2:ros2_bridge] Subscribing to MOLA map source module 'mola::LidarOdometry:lidar_odom'
[21:02:11.4014|INFO |mola::BridgeROS2:ros2_bridge] Subscribing to MOLA relocalization module 'mola::LidarOdometry:lidar_odom'
[21:02:11.4020|INFO |mola::BridgeROS2:ros2_bridge] Subscribing to MOLA map server module 'mola::LidarOdometry:lidar_odom'
[21:02:12.1822|INFO |StateEstimationSimple] reset() called
[21:02:12.1830|INFO |LidarOdometry] Initial re-localization done with pose: (x,y,z,yaw,pitch,roll)=(0.0000,0.0000,0.0000,0.00deg,0.00deg,0.00deg)
[21:02:12.1961|INFO |LidarOdometry] Writing debug traces to: /home/missroot/mola-adversarial-nsga3/data/trajectories/logs/traces_run_900.csv
[21:02:13.5710|WARN |LidarOdometry] Not able to use velocity motion model for this timestep (pathStep=2, timestamp=1970/01/01,00:02:41.000000 UTC)
[21:02:34.2336|WARN |LidarOdometry] Not able to use velocity motion model for this timestep (pathStep=83, timestamp=1970/01/01,00:03:00.400000 UTC)
[21:02:41.1376|WARN |LidarOdometry] Not able to use velocity motion model for this timestep (pathStep=108, timestamp=1970/01/01,00:03:07.000000 UTC)
[21:02:50.2806|WARN |LidarOdometry] Not able to use velocity motion model for this timestep (pathStep=139, timestamp=1970/01/01,00:03:15.200000 UTC)
[21:02:52.3442|WARN |LidarOdometry] Not able to use velocity motion model for this timestep (pathStep=143, timestamp=1970/01/01,00:03:17.200000 UTC)
[21:03:08.6393|WARN |LidarOdometry] Not able to use velocity motion model for this timestep (pathStep=204, timestamp=1970/01/01,00:03:32.200000 UTC)
[INFO] [1790103798.501326128] [rclcpp]: signal_handler(SIGINT/SIGTERM)
